Archive member included to satisfy reference by file (symbol)

c:/Users/Alessandro/AppData/Roaming/Code/User/globalStorage/bmd.stm32-for-vscode/@xpack-dev-tools/arm-none-eabi-gcc/14.2.1-1.1.1/.content/bin/../lib/gcc/arm-none-eabi/14.2.1/../../../../arm-none-eabi/lib/thumb/v7e-m+fp/hard\libc_nano.a(libc_a-atexit.o)
                              c:/Users/Alessandro/AppData/Roaming/Code/User/globalStorage/bmd.stm32-for-vscode/@xpack-dev-tools/arm-none-eabi-gcc/14.2.1-1.1.1/.content/bin/../lib/gcc/arm-none-eabi/14.2.1/../../../../arm-none-eabi/lib/thumb/v7e-m+fp/hard/crt0.o (atexit)
c:/Users/Alessandro/AppData/Roaming/Code/User/globalStorage/bmd.stm32-for-vscode/@xpack-dev-tools/arm-none-eabi-gcc/14.2.1-1.1.1/.content/bin/../lib/gcc/arm-none-eabi/14.2.1/../../../../arm-none-eabi/lib/thumb/v7e-m+fp/hard\libc_nano.a(libc_a-exit.o)
                              c:/Users/Alessandro/AppData/Roaming/Code/User/globalStorage/bmd.stm32-for-vscode/@xpack-dev-tools/arm-none-eabi-gcc/14.2.1-1.1.1/.content/bin/../lib/gcc/arm-none-eabi/14.2.1/../../../../arm-none-eabi/lib/thumb/v7e-m+fp/hard/crt0.o (exit)
c:/Users/Alessandro/AppData/Roaming/Code/User/globalStorage/bmd.stm32-for-vscode/@xpack-dev-tools/arm-none-eabi-gcc/14.2.1-1.1.1/.content/bin/../lib/gcc/arm-none-eabi/14.2.1/../../../../arm-none-eabi/lib/thumb/v7e-m+fp/hard\libc_nano.a(libc_a-findfp.o)
                              c:/Users/Alessandro/AppData/Roaming/Code/User/globalStorage/bmd.stm32-for-vscode/@xpack-dev-tools/arm-none-eabi-gcc/14.2.1-1.1.1/.content/bin/../lib/gcc/arm-none-eabi/14.2.1/../../../../arm-none-eabi/lib/thumb/v7e-m+fp/hard\libc_nano.a(libc_a-exit.o) (__stdio_exit_handler)
c:/Users/Alessandro/AppData/Roaming/Code/User/globalStorage/bmd.stm32-for-vscode/@xpack-dev-tools/arm-none-eabi-gcc/14.2.1-1.1.1/.content/bin/../lib/gcc/arm-none-eabi/14.2.1/../../../../arm-none-eabi/lib/thumb/v7e-m+fp/hard\libc_nano.a(libc_a-fwalk.o)
                              c:/Users/Alessandro/AppData/Roaming/Code/User/globalStorage/bmd.stm32-for-vscode/@xpack-dev-tools/arm-none-eabi-gcc/14.2.1-1.1.1/.content/bin/../lib/gcc/arm-none-eabi/14.2.1/../../../../arm-none-eabi/lib/thumb/v7e-m+fp/hard\libc_nano.a(libc_a-findfp.o) (_fwalk_sglue)
c:/Users/Alessandro/AppData/Roaming/Code/User/globalStorage/bmd.stm32-for-vscode/@xpack-dev-tools/arm-none-eabi-gcc/14.2.1-1.1.1/.content/bin/../lib/gcc/arm-none-eabi/14.2.1/../../../../arm-none-eabi/lib/thumb/v7e-m+fp/hard\libc_nano.a(libc_a-stdio.o)
                              c:/Users/Alessandro/AppData/Roaming/Code/User/globalStorage/bmd.stm32-for-vscode/@xpack-dev-tools/arm-none-eabi-gcc/14.2.1-1.1.1/.content/bin/../lib/gcc/arm-none-eabi/14.2.1/../../../../arm-none-eabi/lib/thumb/v7e-m+fp/hard\libc_nano.a(libc_a-findfp.o) (__sread)
c:/Users/Alessandro/AppData/Roaming/Code/User/globalStorage/bmd.stm32-for-vscode/@xpack-dev-tools/arm-none-eabi-gcc/14.2.1-1.1.1/.content/bin/../lib/gcc/arm-none-eabi/14.2.1/../../../../arm-none-eabi/lib/thumb/v7e-m+fp/hard\libc_nano.a(libc_a-memset.o)
                              c:/Users/Alessandro/AppData/Roaming/Code/User/globalStorage/bmd.stm32-for-vscode/@xpack-dev-tools/arm-none-eabi-gcc/14.2.1-1.1.1/.content/bin/../lib/gcc/arm-none-eabi/14.2.1/../../../../arm-none-eabi/lib/thumb/v7e-m+fp/hard/crt0.o (memset)
c:/Users/Alessandro/AppData/Roaming/Code/User/globalStorage/bmd.stm32-for-vscode/@xpack-dev-tools/arm-none-eabi-gcc/14.2.1-1.1.1/.content/bin/../lib/gcc/arm-none-eabi/14.2.1/../../../../arm-none-eabi/lib/thumb/v7e-m+fp/hard\libc_nano.a(libc_a-closer.o)
                              c:/Users/Alessandro/AppData/Roaming/Code/User/globalStorage/bmd.stm32-for-vscode/@xpack-dev-tools/arm-none-eabi-gcc/14.2.1-1.1.1/.content/bin/../lib/gcc/arm-none-eabi/14.2.1/../../../../arm-none-eabi/lib/thumb/v7e-m+fp/hard\libc_nano.a(libc_a-stdio.o) (_close_r)
c:/Users/Alessandro/AppData/Roaming/Code/User/globalStorage/bmd.stm32-for-vscode/@xpack-dev-tools/arm-none-eabi-gcc/14.2.1-1.1.1/.content/bin/../lib/gcc/arm-none-eabi/14.2.1/../../../../arm-none-eabi/lib/thumb/v7e-m+fp/hard\libc_nano.a(libc_a-reent.o)
                              c:/Users/Alessandro/AppData/Roaming/Code/User/globalStorage/bmd.stm32-for-vscode/@xpack-dev-tools/arm-none-eabi-gcc/14.2.1-1.1.1/.content/bin/../lib/gcc/arm-none-eabi/14.2.1/../../../../arm-none-eabi/lib/thumb/v7e-m+fp/hard\libc_nano.a(libc_a-closer.o) (errno)
c:/Users/Alessandro/AppData/Roaming/Code/User/globalStorage/bmd.stm32-for-vscode/@xpack-dev-tools/arm-none-eabi-gcc/14.2.1-1.1.1/.content/bin/../lib/gcc/arm-none-eabi/14.2.1/../../../../arm-none-eabi/lib/thumb/v7e-m+fp/hard\libc_nano.a(libc_a-impure.o)
                              c:/Users/Alessandro/AppData/Roaming/Code/User/globalStorage/bmd.stm32-for-vscode/@xpack-dev-tools/arm-none-eabi-gcc/14.2.1-1.1.1/.content/bin/../lib/gcc/arm-none-eabi/14.2.1/../../../../arm-none-eabi/lib/thumb/v7e-m+fp/hard\libc_nano.a(libc_a-reent.o) (_impure_ptr)
[...]
Memory Configuration

Name             Origin             Length             Attributes
RAM              0x20000000         0x00020000         xrw
FLASH            0x08000000         0x00080000         xr
*default*        0x00000000         0xffffffff

Linker script and memory map

LOAD c:/Users/Alessandro/AppData/Roaming/Code/User/globalStorage/bmd.stm32-for-vscode/@xpack-dev-tools/arm-none-eabi-gcc/14.2.1-1.1.1/.content/bin/../lib/gcc/arm-none-eabi/14.2.1/thumb/v7e-m+fp/hard/crti.o
LOAD c:/Users/Alessandro/AppData/Roaming/Code/User/globalStorage/bmd.stm32-for-vscode/@xpack-dev-tools/arm-none-eabi-gcc/14.2.1-1.1.1/.content/bin/../lib/gcc/arm-none-eabi/14.2.1/thumb/v7e-m+fp/hard/crtbegin.o
LOAD c:/Users/Alessandro/AppData/Roaming/Code/User/globalStorage/bmd.stm32-for-vscode/@xpack-dev-tools/arm-none-eabi-gcc/14.2.1-1.1.1/.content/bin/../lib/gcc/arm-none-eabi/14.2.1/../../../../arm-none-eabi/lib/thumb/v7e-m+fp/hard/crt0.o
LOAD build/debug/L9963E.o
LOAD build/debug/L9963E_drv.o
LOAD build/debug/bms.o
LOAD build/debug/can.o
LOAD build/debug/can_utils.o
LOAD build/debug/errors.o
LOAD build/debug/gpio.o
LOAD build/debug/l9963e_utils.o
LOAD build/debug/main.o
LOAD build/debug/ntc.o
LOAD build/debug/spi.o
LOAD build/debug/stm32_if.o
LOAD build/debug/stm32f4xx_hal.o
LOAD build/debug/stm32f4xx_hal_can.o
LOAD build/debug/stm32f4xx_hal_cortex.o
LOAD build/debug/stm32f4xx_hal_dma.o
LOAD build/debug/stm32f4xx_hal_dma_ex.o
LOAD build/debug/stm32f4xx_hal_exti.o
LOAD build/debug/stm32f4xx_hal_flash.o
LOAD build/debug/stm32f4xx_hal_flash_ex.o
LOAD build/debug/stm32f4xx_hal_flash_ramfunc.o
LOAD build/debug/stm32f4xx_hal_gpio.o
LOAD build/debug/stm32f4xx_hal_msp.o
LOAD build/debug/stm32f4xx_hal_pwr.o
LOAD build/debug/stm32f4xx_hal_pwr_ex.o
LOAD build/debug/stm32f4xx_hal_rcc.o
LOAD build/debug/stm32f4xx_hal_rcc_ex.o
LOAD build/debug/stm32f4xx_hal_spi.o
LOAD build/debug/stm32f4xx_hal_tim.o
LOAD build/debug/stm32f4xx_hal_tim_ex.o
LOAD build/debug/stm32f4xx_hal_uart.o
LOAD build/debug/stm32f4xx_it.o
LOAD build/debug/syscalls.o
LOAD build/debug/sysmem.o
LOAD build/debug/system_stm32f4xx.o
LOAD build/debug/tim.o
LOAD build/debug/usart.o
LOAD build/debug/utils.o
LOAD build/debug/startup_stm32f446xx.o
LOAD c:/Users/Alessandro/AppData/Roaming/Code/User/globalStorage/bmd.stm32-for-vscode/@xpack-dev-tools/arm-none-eabi-gcc/14.2.1-1.1.1/.content/bin/../lib/gcc/arm-none-eabi/14.2.1/../../../../arm-none-eabi/lib/thumb/v7e-m+fp/hard\libc_nano.a
LOAD c:/Users/Alessandro/AppData/Roaming/Code/User/globalStorage/bmd.stm32-for-vscode/@xpack-dev-tools/arm-none-eabi-gcc/14.2.1-1.1.1/.content/bin/../lib/gcc/arm-none-eabi/14.2.1/../../../../arm-none-eabi/lib/thumb/v7e-m+fp/hard\libm.a
LOAD c:/Users/Alessandro/AppData/Roaming/Code/User/globalStorage/bmd.stm32-for-vscode/@xpack-dev-tools/arm-none-eabi-gcc/14.2.1-1.1.1/.content/bin/../lib/gcc/arm-none-eabi/14.2.1/../../../../arm-none-eabi/lib/thumb/v7e-m+fp/hard\libnosys.a
START GROUP
LOAD c:/Users/Alessandro/AppData/Roaming/Code/User/globalStorage/bmd.stm32-for-vscode/@xpack-dev-tools/arm-none-eabi-gcc/14.2.1-1.1.1/.content/bin/../lib/gcc/arm-none-eabi/14.2.1/thumb/v7e-m+fp/hard\libgcc.a
LOAD c:/Users/Alessandro/AppData/Roaming/Code/User/globalStorage/bmd.stm32-for-vscode/@xpack-dev-tools/arm-none-eabi-gcc/14.2.1-1.1.1/.content/bin/../lib/gcc/arm-none-eabi/14.2.1/../../../../arm-none-eabi/lib/thumb/v7e-m+fp/hard\libc_nano.a
END GROUP
START GROUP
LOAD c:/Users/Alessandro/AppData/Roaming/Code/User/globalStorage/bmd.stm32-for-vscode/@xpack-dev-tools/arm-none-eabi-gcc/14.2.1-1.1.1/.content/bin/../lib/gcc/arm-none-eabi/14.2.1/thumb/v7e-m+fp/hard\libgcc.a
LOAD c:/Users/Alessandro/AppData/Roaming/Code/User/globalStorage/bmd.stm32-for-vscode/@xpack-dev-tools/arm-none-eabi-gcc/14.2.1-1.1.1/.content/bin/../lib/gcc/arm-none-eabi/14.2.1/../../../../arm-none-eabi/lib/thumb/v7e-m+fp/hard\libc_nano.a
END GROUP
LOAD c:/Users/Alessandro/AppData/Roaming/Code/User/globalStorage/bmd.stm32-for-vscode/@xpack-dev-tools/arm-none-eabi-gcc/14.2.1-1.1.1/.content/bin/../lib/gcc/arm-none-eabi/14.2.1/thumb/v7e-m+fp/hard/crtend.o
LOAD c:/Users/Alessandro/AppData/Roaming/Code/User/globalStorage/bmd.stm32-for-vscode/@xpack-dev-tools/arm-none-eabi-gcc/14.2.1-1.1.1/.content/bin/../lib/gcc/arm-none-eabi/14.2.1/thumb/v7e-m+fp/hard/crtn.o
                0x20020000                        _estack = (ORIGIN (RAM) + LENGTH (RAM))
                0x00000200                        _Min_Heap_Size = 0x200
                0x00000400                        _Min_Stack_Size = 0x400

.isr_vector     0x08000000      0x1c4
                0x08000000                        . = ALIGN (0x4)
 *(.isr_vector)
 .isr_vector    0x08000000      0x1c4 build/debug/startup_stm32f446xx.o
                0x08000000                g_pfnVectors
                0x080001c4                        . = ALIGN (0x4)

.text           0x080001c8     0x5790
                0x080001c8                        . = ALIGN (0x4)
 *(.text)
 .text          0x080001c8      0x378 c:/Users/Alessandro/AppData/Roaming/Code/User/globalStorage/bmd.stm32-for-vscode/@xpack-dev-tools/arm-none-eabi-gcc/14.2.1-1.1.1/.content/bin/../lib/gcc/arm-none-eabi/14.2.1/thumb/v7e-m+fp/hard\libgcc.a(_arm_addsubdf3.o)
                0x080001c8                __aeabi_drsub
                0x080001d0                __aeabi_dsub
                0x080001d0                __subdf3
                0x080001d4                __aeabi_dadd
                0x080001d4                __adddf3
                0x0800044c                __floatunsidf
                0x0800044c                __aeabi_ui2d
                0x0800046c                __floatsidf
                0x0800046c                __aeabi_i2d
                0x08000490                __aeabi_f2d
                0x08000490                __extendsfdf2
                0x080004d4                __floatundidf
                0x080004d4                __aeabi_ul2d
                0x080004e4                __floatdidf
                0x080004e4                __aeabi_l2d
 .text          0x08000540      0x424 c:/Users/Alessandro/AppData/Roaming/Code/User/globalStorage/bmd.stm32-for-vscode/@xpack-dev-tools/arm-none-eabi-gcc/14.2.1-1.1.1/.content/bin/../lib/gcc/arm-none-eabi/14.2.1/thumb/v7e-m+fp/hard\libgcc.a(_arm_muldivdf3.o)
                0x08000540                __aeabi_dmul
                0x08000540                __muldf3
                0x08000794                __divdf3
                0x08000794                __aeabi_ddiv
 .text          0x08000964      0x110 c:/Users/Alessandro/AppData/Roaming/Code/User/globalStorage/bmd.stm32-for-vscode/@xpack-dev-tools/arm-none-eabi-gcc/14.2.1-1.1.1/.content/bin/../lib/gcc/arm-none-eabi/14.2.1/thumb/v7e-m+fp/hard\libgcc.a(_arm_cmpdf2.o)
                0x08000964                __gtdf2
                0x08000964                __gedf2
                0x0800096c                __ltdf2
                0x0800096c                __ledf2
                0x08000974                __nedf2
                0x08000974                __eqdf2
                0x08000974                __cmpdf2
                0x080009f0                __aeabi_cdrcmple
                0x08000a00                __aeabi_cdcmpeq
                0x08000a00                __aeabi_cdcmple
                0x08000a10                __aeabi_dcmpeq
                0x08000a24                __aeabi_dcmplt
                0x08000a38                __aeabi_dcmple
                0x08000a4c                __aeabi_dcmpge
                0x08000a60                __aeabi_dcmpgt
 .text          0x08000a74       0x2c c:/Users/Alessandro/AppData/Roaming/Code/User/globalStorage/bmd.stm32-for-vscode/@xpack-dev-tools/arm-none-eabi-gcc/14.2.1-1.1.1/.content/bin/../lib/gcc/arm-none-eabi/14.2.1/thumb/v7e-m+fp/hard\libgcc.a(_arm_unorddf2.o)
                0x08000a74                __unorddf2
                0x08000a74                __aeabi_dcmpun
 .text          0x08000aa0       0xa0 c:/Users/Alessandro/AppData/Roaming/Code/User/globalStorage/bmd.stm32-for-vscode/@xpack-dev-tools/arm-none-eabi-gcc/14.2.1-1.1.1/.content/bin/../lib/gcc/arm-none-eabi/14.2.1/thumb/v7e-m+fp/hard\libgcc.a(_arm_truncdfsf2.o)
                0x08000aa0                __truncdfsf2
                0x08000aa0                __aeabi_d2f
 .text          0x08000b40       0x30 c:/Users/Alessandro/AppData/Roaming/Code/User/globalStorage/bmd.stm32-for-vscode/@xpack-dev-tools/arm-none-eabi-gcc/14.2.1-1.1.1/.content/bin/../lib/gcc/arm-none-eabi/14.2.1/thumb/v7e-m+fp/hard\libgcc.a(_aeabi_uldivmod.o)
                0x08000b40                __aeabi_uldivmod
 .text          0x08000b70        0x4 c:/Users/Alessandro/AppData/Roaming/Code/User/globalStorage/bmd.stm32-for-vscode/@xpack-dev-tools/arm-none-eabi-gcc/14.2.1-1.1.1/.content/bin/../lib/gcc/arm-none-eabi/14.2.1/thumb/v7e-m+fp/hard\libgcc.a(_dvmd_tls.o)
                0x08000b70                __aeabi_idiv0
                0x08000b70                __aeabi_ldiv0
 *(.text*)
 .text.__do_global_dtors_aux
                0x08000b74       0x24 c:/Users/Alessandro/AppData/Roaming/Code/User/globalStorage/bmd.stm32-for-vscode/@xpack-dev-tools/arm-none-eabi-gcc/14.2.1-1.1.1/.content/bin/../lib/gcc/arm-none-eabi/14.2.1/thumb/v7e-m+fp/hard/crtbegin.o
 .text.frame_dummy
                0x08000b98       0x1c c:/Users/Alessandro/AppData/Roaming/Code/User/globalStorage/bmd.stm32-for-vscode/@xpack-dev-tools/arm-none-eabi-gcc/14.2.1-1.1.1/.content/bin/../lib/gcc/arm-none-eabi/14.2.1/thumb/v7e-m+fp/hard/crtbegin.o
 .text.L9963E_init
                0x08000bb4       0x42 build/debug/L9963E.o
                0x08000bb4                L9963E_init
 .text.L9963E_addressing_procedure
                0x08000bf6      0x14e build/debug/L9963E.o
                0x08000bf6                L9963E_addressing_procedure
 .text.L9963E_setCommTimeout
                0x08000d44       0x4c build/debug/L9963E.o
                0x08000d44                L9963E_setCommTimeout
 .text.L9963E_set_enabled_cells
                0x08000d90      0x138 build/debug/L9963E.o
                0x08000d90                L9963E_set_enabled_cells
 .text.L9963E_start_conversion
                0x08000ec8       0x6e build/debug/L9963E.o
                0x08000ec8                L9963E_start_conversion
 .text.L9963E_poll_conversion
                0x08000f36       0x38 build/debug/L9963E.o
                0x08000f36                L9963E_poll_conversion
 .text.L9963E_read_cell_voltage
                0x08000f6e       0xee build/debug/L9963E.o
                0x08000f6e                L9963E_read_cell_voltage
 .text.L9963E_read_batt_voltage
                0x0800105c       0x66 build/debug/L9963E.o
                0x0800105c                L9963E_read_batt_voltage
 .text.L9963E_read_gpio_voltage
                0x080010c2       0xa0 build/debug/L9963E.o
                0x080010c2                L9963E_read_gpio_voltage
 .text.L9963E_read_current_mA
                0x08001162       0x48 build/debug/L9963E.o
                0x08001162                L9963E_read_current_mA
 .text.L9963E_enable_vref
                0x080011aa       0x4c build/debug/L9963E.o
                0x080011aa                L9963E_enable_vref
 *fill*         0x080011f6        0x2 
 .text.L9963E_DRV_crc_calc
                0x080011f8       0x84 build/debug/L9963E_drv.o
                0x080011f8                L9963E_DRV_crc_calc
 .text.L9963E_DRV_init
                0x0800127c       0x80 build/debug/L9963E_drv.o
                0x0800127c                L9963E_DRV_init
 .text.L9963E_DRV_wakeup
                0x080012fc       0x30 build/debug/L9963E_drv.o
                0x080012fc                L9963E_DRV_wakeup
 .text._L9963E_DRV_switch_endianness
                0x0800132c       0x16 build/debug/L9963E_drv.o
                0x0800132c                _L9963E_DRV_switch_endianness
 .text._L9963E_DRV_build_frame
                0x08001342       0x7e build/debug/L9963E_drv.o
                0x08001342                _L9963E_DRV_build_frame
 .text._L9963E_DRV_spi_transmit
                0x080013c0       0x3a build/debug/L9963E_drv.o
                0x080013c0                _L9963E_DRV_spi_transmit
 *fill*         0x080013fa        0x2 
 .text._L9963E_DRV_wait_and_receive
                0x080013fc       0xc4 build/debug/L9963E_drv.o
                0x080013fc                _L9963E_DRV_wait_and_receive
 .text._L9963E_DRV_reg_cmd
                0x080014c0       0x8c build/debug/L9963E_drv.o
                0x080014c0                _L9963E_DRV_reg_cmd
 .text.L9963E_DRV_reg_read
                0x0800154c       0x24 build/debug/L9963E_drv.o
                0x0800154c                L9963E_DRV_reg_read
 .text.L9963E_DRV_reg_write
                0x08001570       0x1a build/debug/L9963E_drv.o
                0x08001570                L9963E_DRV_reg_write
 *fill*         0x0800158a        0x2 
 .text.bms_routines_init
                0x0800158c       0x78 build/debug/bms.o
                0x0800158c                bms_routines_init
 .text.balancing_procedure
                0x08001604       0xe8 build/debug/bms.o
                0x08001604                balancing_procedure
 .text.compute_max_deltas
                0x080016ec       0x74 build/debug/bms.o
                0x080016ec                compute_max_deltas
 .text.voltage_check
                0x08001760      0x128 build/debug/bms.o
                0x08001760                voltage_check
 .text.temperature_check
                0x08001888       0xd8 build/debug/bms.o
                0x08001888                temperature_check
 .text.current_check
                0x08001960       0x98 build/debug/bms.o
                0x08001960                current_check
 .text.battery_operability
                0x080019f8       0x20 build/debug/bms.o
                0x080019f8                battery_operability
 .text.battery_fan_duty
                0x08001a18       0x24 build/debug/bms.o
                0x08001a18                battery_fan_duty
 .text.temperature_control
                0x08001a3c       0x58 build/debug/bms.o
                0x08001a3c                temperature_control
 .text.vac_charging_procedure
                0x08001a94       0x1c build/debug/bms.o
                0x08001a94                vac_charging_procedure
 .text.bms_routine
                0x08001ab0       0xb0 build/debug/bms.o
                0x08001ab0                bms_routine
 .text.get_pack_information
                0x08001b60        0xc build/debug/bms.o
                0x08001b60                get_pack_information
 .text.CAN_wait
                0x08001b6c       0x26 build/debug/can.o
 *fill*         0x08001b92        0x2 
 .text.MX_CAN1_Init
                0x08001b94       0x44 build/debug/can.o
                0x08001b94                MX_CAN1_Init
 .text.MX_CAN2_Init
                0x08001bd8       0x40 build/debug/can.o
                0x08001bd8                MX_CAN2_Init
 .text.HAL_CAN_MspInit
                0x08001c18      0x108 build/debug/can.o
                0x08001c18                HAL_CAN_MspInit
 .text.CAN_send
                0x08001d20       0x30 build/debug/can.o
                0x08001d20                CAN_send
 .text.can_routines_init
                0x08001d50        0xc build/debug/can_utils.o
                0x08001d50                can_routines_init
 .text.can_receive_routine
                0x08001d5c        0x2 build/debug/can_utils.o
                0x08001d5c                can_receive_routine
 *fill*         0x08001d5e        0x2 
 .text.can_send_msg
                0x08001d60       0x20 build/debug/can_utils.o
                0x08001d60                can_send_msg
 .text.can_send_routine
                0x08001d80      0x2ee build/debug/can_utils.o
                0x08001d80                can_send_routine
 *fill*         0x0800206e        0x2 
 .text.MX_GPIO_Init
                0x08002070      0x154 build/debug/gpio.o
                0x08002070                MX_GPIO_Init
 .text.L9963E_utils_init
                0x080021c4      0x150 build/debug/l9963e_utils.o
                0x080021c4                L9963E_utils_init
 .text.L9963E_utils_read_cells
                0x08002314      0x130 build/debug/l9963e_utils.o
                0x08002314                L9963E_utils_read_cells
 .text.L9963E_utils_get_gpios
                0x08002444       0x40 build/debug/l9963e_utils.o
                0x08002444                L9963E_utils_get_gpios
 .text.L9963E_utils_get_cell_mv
                0x08002484       0x20 build/debug/l9963e_utils.o
                0x08002484                L9963E_utils_get_cell_mv
 .text.L9963E_utils_get_cells
                0x080024a4       0x40 build/debug/l9963e_utils.o
                0x080024a4                L9963E_utils_get_cells
 .text.L9963E_utils_get_batt_mv
                0x080024e4       0x38 build/debug/l9963e_utils.o
                0x080024e4                L9963E_utils_get_batt_mv
 .text.L9963E_utils_get_batt_mA
                0x0800251c        0xc build/debug/l9963e_utils.o
                0x0800251c                L9963E_utils_get_batt_mA
 .text.balancing_set
                0x08002528      0x174 build/debug/l9963e_utils.o
                0x08002528                balancing_set
 .text.Error_Handler
                0x0800269c        0x4 build/debug/main.o
                0x0800269c                Error_Handler
 .text.SystemClock_Config
                0x080026a0       0xb4 build/debug/main.o
                0x080026a0                SystemClock_Config
 .text.main     0x08002754       0xb4 build/debug/main.o
                0x08002754                main
 .text.ntc_get_centideg_from_raw
                0x08002808       0xe4 build/debug/ntc.o
                0x08002808                ntc_get_centideg_from_raw
 .text.MX_SPI1_Init
                0x080028ec       0x44 build/debug/spi.o
                0x080028ec                MX_SPI1_Init
 .text.MX_SPI2_Init
                0x08002930       0x40 build/debug/spi.o
                0x08002930                MX_SPI2_Init
 .text.HAL_SPI_MspInit
                0x08002970      0x114 build/debug/spi.o
                0x08002970                HAL_SPI_MspInit
 .text.GPIO_ReadPinL
                0x08002a84       0x54 build/debug/stm32_if.o
                0x08002a84                GPIO_ReadPinL
 .text.GPIO_WritePinL
                0x08002ad8       0x60 build/debug/stm32_if.o
                0x08002ad8                GPIO_WritePinL
 .text.SPI_ReceiveL
                0x08002b38       0x24 build/debug/stm32_if.o
                0x08002b38                SPI_ReceiveL
 .text.SPI_TransmitL
                0x08002b5c       0x24 build/debug/stm32_if.o
                0x08002b5c                SPI_TransmitL
 .text.GetTickMs
                0x08002b80        0x8 build/debug/stm32_if.o
                0x08002b80                GetTickMs
 .text.DelayMs  0x08002b88        0x8 build/debug/stm32_if.o
                0x08002b88                DelayMs
 .text.HAL_InitTick
                0x08002b90       0x4c build/debug/stm32f4xx_hal.o
                0x08002b90                HAL_InitTick
 .text.HAL_Init
                0x08002bdc       0x34 build/debug/stm32f4xx_hal.o
                0x08002bdc                HAL_Init
 .text.HAL_IncTick
                0x08002c10       0x18 build/debug/stm32f4xx_hal.o
                0x08002c10                HAL_IncTick
 .text.HAL_GetTick
                0x08002c28        0xc build/debug/stm32f4xx_hal.o
                0x08002c28                HAL_GetTick
 .text.HAL_Delay
                0x08002c34       0x28 build/debug/stm32f4xx_hal.o
                0x08002c34                HAL_Delay
 .text.HAL_CAN_Init
                0x08002c5c      0x14c build/debug/stm32f4xx_hal_can.o
                0x08002c5c                HAL_CAN_Init
 .text.HAL_CAN_AddTxMessage
                0x08002da8       0xea build/debug/stm32f4xx_hal_can.o
                0x08002da8                HAL_CAN_AddTxMessage
 .text.HAL_CAN_GetTxMailboxesFreeLevel
                0x08002e92       0x32 build/debug/stm32f4xx_hal_can.o
                0x08002e92                HAL_CAN_GetTxMailboxesFreeLevel
 .text.__NVIC_EnableIRQ
                0x08002ec4       0x1c build/debug/stm32f4xx_hal_cortex.o
 .text.__NVIC_SetPriority
                0x08002ee0       0x28 build/debug/stm32f4xx_hal_cortex.o
 .text.NVIC_EncodePriority
                0x08002f08       0x3e build/debug/stm32f4xx_hal_cortex.o
 *fill*         0x08002f46        0x2 
 .text.HAL_NVIC_SetPriorityGrouping
                0x08002f48       0x24 build/debug/stm32f4xx_hal_cortex.o
                0x08002f48                HAL_NVIC_SetPriorityGrouping
 .text.HAL_NVIC_SetPriority
                0x08002f6c       0x20 build/debug/stm32f4xx_hal_cortex.o
                0x08002f6c                HAL_NVIC_SetPriority
 .text.HAL_NVIC_EnableIRQ
                0x08002f8c        0x8 build/debug/stm32f4xx_hal_cortex.o
                0x08002f8c                HAL_NVIC_EnableIRQ
 .text.HAL_SYSTICK_Config
                0x08002f94       0x28 build/debug/stm32f4xx_hal_cortex.o
                0x08002f94                HAL_SYSTICK_Config
 .text.HAL_GPIO_Init
                0x08002fbc      0x1e0 build/debug/stm32f4xx_hal_gpio.o
                0x08002fbc                HAL_GPIO_Init
 .text.HAL_GPIO_ReadPin
                0x0800319c        0xe build/debug/stm32f4xx_hal_gpio.o
                0x0800319c                HAL_GPIO_ReadPin
 .text.HAL_GPIO_WritePin
                0x080031aa        0xc build/debug/stm32f4xx_hal_gpio.o
                0x080031aa                HAL_GPIO_WritePin
 *fill*         0x080031b6        0x2 
 .text.HAL_MspInit
                0x080031b8       0x38 build/debug/stm32f4xx_hal_msp.o
                0x080031b8                HAL_MspInit
 .text.HAL_PWREx_EnableOverDrive
                0x080031f0       0x7c build/debug/stm32f4xx_hal_pwr_ex.o
                0x080031f0                HAL_PWREx_EnableOverDrive
 .text.HAL_RCC_ClockConfig
                0x0800326c      0x160 build/debug/stm32f4xx_hal_rcc.o
                0x0800326c                HAL_RCC_ClockConfig
 .text.HAL_RCC_GetHCLKFreq
                0x080033cc        0xc build/debug/stm32f4xx_hal_rcc.o
                0x080033cc                HAL_RCC_GetHCLKFreq
 .text.HAL_RCC_GetPCLK1Freq
                0x080033d8       0x20 build/debug/stm32f4xx_hal_rcc.o
                0x080033d8                HAL_RCC_GetPCLK1Freq
 .text.HAL_RCC_GetPCLK2Freq
                0x080033f8       0x20 build/debug/stm32f4xx_hal_rcc.o
                0x080033f8                HAL_RCC_GetPCLK2Freq
 .text.HAL_RCC_GetSysClockFreq
                0x08003418      0x190 build/debug/stm32f4xx_hal_rcc_ex.o
                0x08003418                HAL_RCC_GetSysClockFreq
 .text.HAL_RCC_OscConfig
                0x080035a8      0x444 build/debug/stm32f4xx_hal_rcc_ex.o
                0x080035a8                HAL_RCC_OscConfig
 .text.SPI_WaitFlagStateUntilTimeout
                0x080039ec       0xc8 build/debug/stm32f4xx_hal_spi.o
 .text.SPI_EndRxTxTransaction
                0x08003ab4       0x80 build/debug/stm32f4xx_hal_spi.o
 .text.SPI_EndRxTransaction
                0x08003b34       0x8c build/debug/stm32f4xx_hal_spi.o
 .text.HAL_SPI_Init
                0x08003bc0       0xbe build/debug/stm32f4xx_hal_spi.o
                0x08003bc0                HAL_SPI_Init
 .text.HAL_SPI_Transmit
                0x08003c7e      0x1c4 build/debug/stm32f4xx_hal_spi.o
                0x08003c7e                HAL_SPI_Transmit
 .text.HAL_SPI_TransmitReceive
                0x08003e42      0x252 build/debug/stm32f4xx_hal_spi.o
                0x08003e42                HAL_SPI_TransmitReceive
 .text.HAL_SPI_Receive
                0x08004094      0x188 build/debug/stm32f4xx_hal_spi.o
                0x08004094                HAL_SPI_Receive
 .text.TIM_OC1_SetConfig
                0x0800421c       0x70 build/debug/stm32f4xx_hal_tim.o
 .text.TIM_OC3_SetConfig
                0x0800428c       0x70 build/debug/stm32f4xx_hal_tim.o
 .text.TIM_OC4_SetConfig
                0x080042fc       0x50 build/debug/stm32f4xx_hal_tim.o
 .text.TIM_TI1_ConfigInputStage
                0x0800434c       0x26 build/debug/stm32f4xx_hal_tim.o
 .text.TIM_TI2_ConfigInputStage
                0x08004372       0x28 build/debug/stm32f4xx_hal_tim.o
 .text.TIM_ITRx_SetConfig
                0x0800439a       0x10 build/debug/stm32f4xx_hal_tim.o
 .text.HAL_TIM_PWM_MspInit
                0x080043aa        0x2 build/debug/stm32f4xx_hal_tim.o
                0x080043aa                HAL_TIM_PWM_MspInit
 .text.HAL_TIM_PeriodElapsedCallback
                0x080043ac        0x2 build/debug/stm32f4xx_hal_tim.o
                0x080043ac                HAL_TIM_PeriodElapsedCallback
 .text.HAL_TIM_OC_DelayElapsedCallback
                0x080043ae        0x2 build/debug/stm32f4xx_hal_tim.o
                0x080043ae                HAL_TIM_OC_DelayElapsedCallback
 .text.HAL_TIM_IC_CaptureCallback
                0x080043b0        0x2 build/debug/stm32f4xx_hal_tim.o
                0x080043b0                HAL_TIM_IC_CaptureCallback
 .text.HAL_TIM_PWM_PulseFinishedCallback
                0x080043b2        0x2 build/debug/stm32f4xx_hal_tim.o
                0x080043b2                HAL_TIM_PWM_PulseFinishedCallback
 .text.HAL_TIM_TriggerCallback
                0x080043b4        0x2 build/debug/stm32f4xx_hal_tim.o
                0x080043b4                HAL_TIM_TriggerCallback
 .text.HAL_TIM_IRQHandler
                0x080043b6      0x15e build/debug/stm32f4xx_hal_tim.o
                0x080043b6                HAL_TIM_IRQHandler
 .text.TIM_Base_SetConfig
                0x08004514       0xd8 build/debug/stm32f4xx_hal_tim.o
                0x08004514                TIM_Base_SetConfig
 .text.HAL_TIM_Base_Init
                0x080045ec       0x58 build/debug/stm32f4xx_hal_tim.o
                0x080045ec                HAL_TIM_Base_Init
 .text.HAL_TIM_PWM_Init
                0x08004644       0x58 build/debug/stm32f4xx_hal_tim.o
                0x08004644                HAL_TIM_PWM_Init
 .text.TIM_OC2_SetConfig
                0x0800469c       0x70 build/debug/stm32f4xx_hal_tim.o
                0x0800469c                TIM_OC2_SetConfig
 .text.HAL_TIM_PWM_ConfigChannel
                0x0800470c       0xdc build/debug/stm32f4xx_hal_tim.o
                0x0800470c                HAL_TIM_PWM_ConfigChannel
 .text.TIM_ETR_SetConfig
                0x080047e8       0x1a build/debug/stm32f4xx_hal_tim.o
                0x080047e8                TIM_ETR_SetConfig
 .text.HAL_TIM_ConfigClockSource
                0x08004802       0xfe build/debug/stm32f4xx_hal_tim.o
                0x08004802                HAL_TIM_ConfigClockSource
 .text.TIM_CCxChannelCmd
                0x08004900       0x1e build/debug/stm32f4xx_hal_tim.o
                0x08004900                TIM_CCxChannelCmd
 *fill*         0x0800491e        0x2 
 .text.HAL_TIM_PWM_Start_IT
                0x08004920      0x16c build/debug/stm32f4xx_hal_tim.o
                0x08004920                HAL_TIM_PWM_Start_IT
 .text.HAL_TIMEx_MasterConfigSynchronization
                0x08004a8c       0x8c build/debug/stm32f4xx_hal_tim_ex.o
                0x08004a8c                HAL_TIMEx_MasterConfigSynchronization
 .text.HAL_TIMEx_CommutCallback
                0x08004b18        0x2 build/debug/stm32f4xx_hal_tim_ex.o
                0x08004b18                HAL_TIMEx_CommutCallback
 .text.HAL_TIMEx_BreakCallback
                0x08004b1a        0x2 build/debug/stm32f4xx_hal_tim_ex.o
                0x08004b1a                HAL_TIMEx_BreakCallback
 .text.UART_SetConfig
                0x08004b1c      0x110 build/debug/stm32f4xx_hal_uart.o
 .text.HAL_UART_Init
                0x08004c2c       0x60 build/debug/stm32f4xx_hal_uart.o
                0x08004c2c                HAL_UART_Init
 .text.NMI_Handler
                0x08004c8c        0x2 build/debug/stm32f4xx_it.o
                0x08004c8c                NMI_Handler
 .text.HardFault_Handler
                0x08004c8e        0x2 build/debug/stm32f4xx_it.o
                0x08004c8e                HardFault_Handler
 .text.MemManage_Handler
                0x08004c90        0x2 build/debug/stm32f4xx_it.o
                0x08004c90                MemManage_Handler
 .text.BusFault_Handler
                0x08004c92        0x2 build/debug/stm32f4xx_it.o
                0x08004c92                BusFault_Handler
 .text.UsageFault_Handler
                0x08004c94        0x2 build/debug/stm32f4xx_it.o
                0x08004c94                UsageFault_Handler
 .text.SVC_Handler
                0x08004c96        0x2 build/debug/stm32f4xx_it.o
                0x08004c96                SVC_Handler
 .text.DebugMon_Handler
                0x08004c98        0x2 build/debug/stm32f4xx_it.o
                0x08004c98                DebugMon_Handler
 .text.PendSV_Handler
                0x08004c9a        0x2 build/debug/stm32f4xx_it.o
                0x08004c9a                PendSV_Handler
 .text.SysTick_Handler
                0x08004c9c        0x8 build/debug/stm32f4xx_it.o
                0x08004c9c                SysTick_Handler
 .text.TIM8_BRK_TIM12_IRQHandler
                0x08004ca4       0x10 build/debug/stm32f4xx_it.o
                0x08004ca4                TIM8_BRK_TIM12_IRQHandler
 .text.TIM8_UP_TIM13_IRQHandler
                0x08004cb4       0x10 build/debug/stm32f4xx_it.o
                0x08004cb4                TIM8_UP_TIM13_IRQHandler
 .text.TIM6_DAC_IRQHandler
                0x08004cc4       0x10 build/debug/stm32f4xx_it.o
                0x08004cc4                TIM6_DAC_IRQHandler
 .text.TIM7_IRQHandler
                0x08004cd4       0x10 build/debug/stm32f4xx_it.o
                0x08004cd4                TIM7_IRQHandler
 .text.SystemInit
                0x08004ce4       0x14 build/debug/system_stm32f4xx.o
                0x08004ce4                SystemInit
 .text.MX_TIM6_Init
                0x08004cf8       0x50 build/debug/tim.o
                0x08004cf8                MX_TIM6_Init
 .text.MX_TIM7_Init
                0x08004d48       0x50 build/debug/tim.o
                0x08004d48                MX_TIM7_Init
 .text.MX_TIM13_Init
                0x08004d98       0x30 build/debug/tim.o
                0x08004d98                MX_TIM13_Init
 .text.HAL_TIM_Base_MspInit
                0x08004dc8       0xd8 build/debug/tim.o
                0x08004dc8                HAL_TIM_Base_MspInit
 .text.HAL_TIM_MspPostInit
                0x08004ea0       0x5c build/debug/tim.o
                0x08004ea0                HAL_TIM_MspPostInit
 .text.MX_TIM12_Init
                0x08004efc       0x90 build/debug/tim.o
                0x08004efc                MX_TIM12_Init
 .text.MX_USART2_UART_Init
                0x08004f8c       0x34 build/debug/usart.o
                0x08004f8c                MX_USART2_UART_Init
 .text.HAL_UART_MspInit
                0x08004fc0       0x70 build/debug/usart.o
                0x08004fc0                HAL_UART_MspInit
 .text.max_search
                0x08005030       0x2a build/debug/utils.o
                0x08005030                max_search
 .text.min_search
                0x0800505a       0x2a build/debug/utils.o
                0x0800505a                min_search
 .text.get_avg  0x08005084       0x24 build/debug/utils.o
                0x08005084                get_avg
 .text.max_search_signed
                0x080050a8       0x2c build/debug/utils.o
                0x080050a8                max_search_signed
 .text.min_search_signed
                0x080050d4       0x2c build/debug/utils.o
                0x080050d4                min_search_signed
 .text.get_avg_signed
                0x08005100       0x24 build/debug/utils.o
                0x08005100                get_avg_signed
 .text.timer_check
                0x08005124       0x18 build/debug/utils.o
                0x08005124                timer_check
 .text.Reset_Handler
                0x0800513c       0x50 build/debug/startup_stm32f446xx.o
                0x0800513c                Reset_Handler
 .text.Default_Handler
                0x0800518c        0x2 build/debug/startup_stm32f446xx.o
                0x0800518c                RTC_Alarm_IRQHandler
                0x0800518c                EXTI2_IRQHandler
                0x0800518c                TIM8_CC_IRQHandler
                0x0800518c                FMPI2C1_EV_IRQHandler
                0x0800518c                SPI4_IRQHandler
                0x0800518c                TIM1_CC_IRQHandler
                0x0800518c                DMA2_Stream5_IRQHandler
                0x0800518c                DMA1_Stream5_IRQHandler
                0x0800518c                PVD_IRQHandler
                0x0800518c                SDIO_IRQHandler
                0x0800518c                TAMP_STAMP_IRQHandler
                0x0800518c                CAN2_RX1_IRQHandler
                0x0800518c                EXTI3_IRQHandler
                0x0800518c                TIM8_TRG_COM_TIM14_IRQHandler
                0x0800518c                TIM1_UP_TIM10_IRQHandler
                0x0800518c                I2C3_ER_IRQHandler
                0x0800518c                EXTI0_IRQHandler
                0x0800518c                I2C2_EV_IRQHandler
                0x0800518c                DMA1_Stream2_IRQHandler
                0x0800518c                CAN1_RX0_IRQHandler
                0x0800518c                FPU_IRQHandler
                0x0800518c                OTG_HS_WKUP_IRQHandler
                0x0800518c                CAN2_SCE_IRQHandler
                0x0800518c                DMA2_Stream2_IRQHandler
                0x0800518c                SPI1_IRQHandler
                0x0800518c                TIM1_BRK_TIM9_IRQHandler
                0x0800518c                DCMI_IRQHandler
                0x0800518c                CAN2_RX0_IRQHandler
                0x0800518c                DMA2_Stream3_IRQHandler
                0x0800518c                SAI2_IRQHandler
                0x0800518c                USART6_IRQHandler
                0x0800518c                USART3_IRQHandler
                0x0800518c                CAN1_RX1_IRQHandler
                0x0800518c                UART5_IRQHandler
                0x0800518c                DMA2_Stream0_IRQHandler
                0x0800518c                TIM4_IRQHandler
                0x0800518c                QUADSPI_IRQHandler
                0x0800518c                I2C1_EV_IRQHandler
                0x0800518c                DMA1_Stream6_IRQHandler
                0x0800518c                DMA1_Stream1_IRQHandler
                0x0800518c                UART4_IRQHandler
                0x0800518c                TIM3_IRQHandler
                0x0800518c                RCC_IRQHandler
                0x0800518c                Default_Handler
                0x0800518c                CEC_IRQHandler
                0x0800518c                EXTI15_10_IRQHandler
                0x0800518c                ADC_IRQHandler
                0x0800518c                DMA1_Stream7_IRQHandler
                0x0800518c                CAN2_TX_IRQHandler
                0x0800518c                TIM5_IRQHandler
                0x0800518c                DMA2_Stream7_IRQHandler
                0x0800518c                I2C3_EV_IRQHandler
                0x0800518c                EXTI9_5_IRQHandler
                0x0800518c                RTC_WKUP_IRQHandler
                0x0800518c                SPDIF_RX_IRQHandler
                0x0800518c                SPI2_IRQHandler
                0x0800518c                OTG_HS_EP1_IN_IRQHandler
                0x0800518c                DMA1_Stream0_IRQHandler
                0x0800518c                CAN1_TX_IRQHandler
                0x0800518c                FMPI2C1_ER_IRQHandler
                0x0800518c                EXTI4_IRQHandler
                0x0800518c                OTG_HS_EP1_OUT_IRQHandler
                0x0800518c                WWDG_IRQHandler
                0x0800518c                TIM2_IRQHandler
                0x0800518c                OTG_FS_WKUP_IRQHandler
                0x0800518c                TIM1_TRG_COM_TIM11_IRQHandler
                0x0800518c                OTG_HS_IRQHandler
                0x0800518c                EXTI1_IRQHandler
                0x0800518c                USART2_IRQHandler
                0x0800518c                I2C2_ER_IRQHandler
                0x0800518c                DMA2_Stream1_IRQHandler
                0x0800518c                CAN1_SCE_IRQHandler
                0x0800518c                FLASH_IRQHandler
                0x0800518c                DMA2_Stream4_IRQHandler
                0x0800518c                USART1_IRQHandler
                0x0800518c                OTG_FS_IRQHandler
                0x0800518c                SPI3_IRQHandler
                0x0800518c                DMA1_Stream4_IRQHandler
                0x0800518c                I2C1_ER_IRQHandler
                0x0800518c                FMC_IRQHandler
                0x0800518c                DMA2_Stream6_IRQHandler
                0x0800518c                SAI1_IRQHandler
                0x0800518c                DMA1_Stream3_IRQHandler
 .text.memset   0x0800518e       0x10 c:/Users/Alessandro/AppData/Roaming/Code/User/globalStorage/bmd.stm32-for-vscode/@xpack-dev-tools/arm-none-eabi-gcc/14.2.1-1.1.1/.content/bin/../lib/gcc/arm-none-eabi/14.2.1/../../../../arm-none-eabi/lib/thumb/v7e-m+fp/hard\libc_nano.a(libc_a-memset.o)
                0x0800518e                memset
 *fill*         0x0800519e        0x2 
 .text.__errno  0x080051a0        0xc c:/Users/Alessandro/AppData/Roaming/Code/User/globalStorage/bmd.stm32-for-vscode/@xpack-dev-tools/arm-none-eabi-gcc/14.2.1-1.1.1/.content/bin/../lib/gcc/arm-none-eabi/14.2.1/../../../../arm-none-eabi/lib/thumb/v7e-m+fp/hard\libc_nano.a(libc_a-errno.o)
                0x080051a0                __errno
 .text.__libc_init_array
                0x080051ac       0x48 c:/Users/Alessandro/AppData/Roaming/Code/User/globalStorage/bmd.stm32-for-vscode/@xpack-dev-tools/arm-none-eabi-gcc/14.2.1-1.1.1/.content/bin/../lib/gcc/arm-none-eabi/14.2.1/../../../../arm-none-eabi/lib/thumb/v7e-m+fp/hard\libc_nano.a(libc_a-init.o)
                0x080051ac                __libc_init_array
 *fill*         0x080051f4        0x4 
 .text.log      0x080051f8       0x84 c:/Users/Alessandro/AppData/Roaming/Code/User/globalStorage/bmd.stm32-for-vscode/@xpack-dev-tools/arm-none-eabi-gcc/14.2.1-1.1.1/.content/bin/../lib/gcc/arm-none-eabi/14.2.1/../../../../arm-none-eabi/lib/thumb/v7e-m+fp/hard\libm.a(libm_a-w_log.o)
                0x080051f8                log
 *fill*         0x0800527c        0x4 
 .text.nan      0x08005280       0x10 c:/Users/Alessandro/AppData/Roaming/Code/User/globalStorage/bmd.stm32-for-vscode/@xpack-dev-tools/arm-none-eabi-gcc/14.2.1-1.1.1/.content/bin/../lib/gcc/arm-none-eabi/14.2.1/../../../../arm-none-eabi/lib/thumb/v7e-m+fp/hard\libm.a(libm_a-s_nan.o)
                0x08005280                nan
 .text.__ieee754_log
                0x08005290      0x3b8 c:/Users/Alessandro/AppData/Roaming/Code/User/globalStorage/bmd.stm32-for-vscode/@xpack-dev-tools/arm-none-eabi-gcc/14.2.1-1.1.1/.content/bin/../lib/gcc/arm-none-eabi/14.2.1/../../../../arm-none-eabi/lib/thumb/v7e-m+fp/hard\libm.a(libm_a-e_log.o)
                0x08005290                __ieee754_log
 .text.__udivmoddi4
                0x08005648      0x2f8 c:/Users/Alessandro/AppData/Roaming/Code/User/globalStorage/bmd.stm32-for-vscode/@xpack-dev-tools/arm-none-eabi-gcc/14.2.1-1.1.1/.content/bin/../lib/gcc/arm-none-eabi/14.2.1/thumb/v7e-m+fp/hard\libgcc.a(_udivmoddi4.o)
                0x08005648                __udivmoddi4
 *(.glue_7)
 .glue_7        0x08005940        0x0 linker stubs
 *(.glue_7t)
 .glue_7t       0x08005940        0x0 linker stubs
 *(.eh_frame)
 .eh_frame      0x08005940        0x0 c:/Users/Alessandro/AppData/Roaming/Code/User/globalStorage/bmd.stm32-for-vscode/@xpack-dev-tools/arm-none-eabi-gcc/14.2.1-1.1.1/.content/bin/../lib/gcc/arm-none-eabi/14.2.1/thumb/v7e-m+fp/hard/crtbegin.o
 *(.init)
 .init          0x08005940        0x4 c:/Users/Alessandro/AppData/Roaming/Code/User/globalStorage/bmd.stm32-for-vscode/@xpack-dev-tools/arm-none-eabi-gcc/14.2.1-1.1.1/.content/bin/../lib/gcc/arm-none-eabi/14.2.1/thumb/v7e-m+fp/hard/crti.o
                0x08005940                _init
 .init          0x08005944        0x8 c:/Users/Alessandro/AppData/Roaming/Code/User/globalStorage/bmd.stm32-for-vscode/@xpack-dev-tools/arm-none-eabi-gcc/14.2.1-1.1.1/.content/bin/../lib/gcc/arm-none-eabi/14.2.1/thumb/v7e-m+fp/hard/crtn.o
 *(.fini)
 .fini          0x0800594c        0x4 c:/Users/Alessandro/AppData/Roaming/Code/User/globalStorage/bmd.stm32-for-vscode/@xpack-dev-tools/arm-none-eabi-gcc/14.2.1-1.1.1/.content/bin/../lib/gcc/arm-none-eabi/14.2.1/thumb/v7e-m+fp/hard/crti.o
                0x0800594c                _fini
 .fini          0x08005950        0x8 c:/Users/Alessandro/AppData/Roaming/Code/User/globalStorage/bmd.stm32-for-vscode/@xpack-dev-tools/arm-none-eabi-gcc/14.2.1-1.1.1/.content/bin/../lib/gcc/arm-none-eabi/14.2.1/thumb/v7e-m+fp/hard/crtn.o
                0x08005958                        . = ALIGN (0x4)
                0x08005958                        _etext = .

.vfp11_veneer   0x08005958        0x0
 .vfp11_veneer  0x08005958        0x0 linker stubs

.v4_bx          0x08005958        0x0
 .v4_bx         0x08005958        0x0 linker stubs

.iplt           0x08005958        0x0
 .iplt          0x08005958        0x0 c:/Users/Alessandro/AppData/Roaming/Code/User/globalStorage/bmd.stm32-for-vscode/@xpack-dev-tools/arm-none-eabi-gcc/14.2.1-1.1.1/.content/bin/../lib/gcc/arm-none-eabi/14.2.1/thumb/v7e-m+fp/hard/crtbegin.o

.rodata         0x08005958       0x3c
                0x08005958                        . = ALIGN (0x4)
 *(.rodata)
 *(.rodata*)
 .rodata.dummy.0
                0x08005958        0x5 build/debug/L9963E_drv.o
 *fill*         0x0800595d        0x3 
 .rodata.interfaceL
                0x08005960       0x18 build/debug/l9963e_utils.o
                0x08005960                interfaceL
 .rodata.APBPrescTable
                0x08005978        0x8 build/debug/system_stm32f4xx.o
                0x08005978                APBPrescTable
 .rodata.AHBPrescTable
                0x08005980       0x10 build/debug/system_stm32f4xx.o
                0x08005980                AHBPrescTable
 .rodata.log.str1.4
                0x08005990        0x1 c:/Users/Alessandro/AppData/Roaming/Code/User/globalStorage/bmd.stm32-for-vscode/@xpack-dev-tools/arm-none-eabi-gcc/14.2.1-1.1.1/.content/bin/../lib/gcc/arm-none-eabi/14.2.1/../../../../arm-none-eabi/lib/thumb/v7e-m+fp/hard\libm.a(libm_a-w_log.o)
                0x08005994                        . = ALIGN (0x4)
 *fill*         0x08005991        0x3 

.ARM.extab      0x08005994        0x0
                0x08005994                        . = ALIGN (0x4)
 *(.ARM.extab* .gnu.linkonce.armextab.*)
                0x08005994                        . = ALIGN (0x4)

.ARM            0x08005994        0x8
                0x08005994                        . = ALIGN (0x4)
                0x08005994                        __exidx_start = .
 *(.ARM.exidx*)
 .ARM.exidx.text.__udivmoddi4
                0x08005994        0x8 c:/Users/Alessandro/AppData/Roaming/Code/User/globalStorage/bmd.stm32-for-vscode/@xpack-dev-tools/arm-none-eabi-gcc/14.2.1-1.1.1/.content/bin/../lib/gcc/arm-none-eabi/14.2.1/thumb/v7e-m+fp/hard\libgcc.a(_udivmoddi4.o)
                0x0800599c                        __exidx_end = .
                0x0800599c                        . = ALIGN (0x4)

.preinit_array  0x0800599c        0x0
                0x0800599c                        . = ALIGN (0x4)
                0x0800599c                        PROVIDE (__preinit_array_start = .)
 *(.preinit_array*)
                0x0800599c                        PROVIDE (__preinit_array_end = .)
                0x0800599c                        . = ALIGN (0x4)

.init_array     0x0800599c        0x4
                0x0800599c                        . = ALIGN (0x4)
                0x0800599c                        PROVIDE (__init_array_start = .)
 *(SORT_BY_NAME(.init_array.*))
 *(.init_array*)
 .init_array    0x0800599c        0x4 c:/Users/Alessandro/AppData/Roaming/Code/User/globalStorage/bmd.stm32-for-vscode/@xpack-dev-tools/arm-none-eabi-gcc/14.2.1-1.1.1/.content/bin/../lib/gcc/arm-none-eabi/14.2.1/thumb/v7e-m+fp/hard/crtbegin.o
                0x080059a0                        PROVIDE (__init_array_end = .)
                0x080059a0                        . = ALIGN (0x4)

.fini_array     0x080059a0        0x4
                0x080059a0                        . = ALIGN (0x4)
                0x080059a0                        PROVIDE (__fini_array_start = .)
 *(SORT_BY_NAME(.fini_array.*))
 *(.fini_array*)
 .fini_array    0x080059a0        0x4 c:/Users/Alessandro/AppData/Roaming/Code/User/globalStorage/bmd.stm32-for-vscode/@xpack-dev-tools/arm-none-eabi-gcc/14.2.1-1.1.1/.content/bin/../lib/gcc/arm-none-eabi/14.2.1/thumb/v7e-m+fp/hard/crtbegin.o
                0x080059a4                        PROVIDE (__fini_array_end = .)
                0x080059a4                        . = ALIGN (0x4)
                0x080059a4                        _sidata = LOADADDR (.data)

.rel.dyn        0x080059a4        0x0
 .rel.iplt      0x080059a4        0x0 c:/Users/Alessandro/AppData/Roaming/Code/User/globalStorage/bmd.stm32-for-vscode/@xpack-dev-tools/arm-none-eabi-gcc/14.2.1-1.1.1/.content/bin/../lib/gcc/arm-none-eabi/14.2.1/thumb/v7e-m+fp/hard/crtbegin.o

.data           0x20000000       0xc8 load address 0x080059a4
                0x20000000                        . = ALIGN (0x4)
                0x20000000                        _sdata = .
 *(.data)
 *(.data*)
 .data.crc6_lut
                0x20000000       0x40 build/debug/L9963E_drv.o
                0x20000000                crc6_lut
 .data.currentstate
                0x20000040        0x1 build/debug/bms.o
                0x20000040                currentstate
 *fill*         0x20000041        0x3 
 .data.gpio_addresses
                0x20000044        0xa build/debug/l9963e_utils.o
                0x20000044                gpio_addresses
 *fill*         0x2000004e        0x2 
 .data.cells_addresses
                0x20000050       0x1c build/debug/l9963e_utils.o
                0x20000050                cells_addresses
 .data.uwTickFreq
                0x2000006c        0x1 build/debug/stm32f4xx_hal.o
                0x2000006c                uwTickFreq
 *fill*         0x2000006d        0x3 
 .data.uwTickPrio
                0x20000070        0x4 build/debug/stm32f4xx_hal.o
                0x20000070                uwTickPrio
 .data.SystemCoreClock
                0x20000074        0x4 build/debug/system_stm32f4xx.o
                0x20000074                SystemCoreClock
 .data._impure_ptr
                0x20000078        0x4 c:/Users/Alessandro/AppData/Roaming/Code/User/globalStorage/bmd.stm32-for-vscode/@xpack-dev-tools/arm-none-eabi-gcc/14.2.1-1.1.1/.content/bin/../lib/gcc/arm-none-eabi/14.2.1/../../../../arm-none-eabi/lib/thumb/v7e-m+fp/hard\libc_nano.a(libc_a-impure.o)
                0x20000078                _impure_ptr
 .data._impure_data
                0x2000007c       0x4c c:/Users/Alessandro/AppData/Roaming/Code/User/globalStorage/bmd.stm32-for-vscode/@xpack-dev-tools/arm-none-eabi-gcc/14.2.1-1.1.1/.content/bin/../lib/gcc/arm-none-eabi/14.2.1/../../../../arm-none-eabi/lib/thumb/v7e-m+fp/hard\libc_nano.a(libc_a-impure.o)
                0x2000007c                _impure_data
 *(.RamFunc)
 *(.RamFunc*)
                0x200000c8                        . = ALIGN (0x4)
                0x200000c8                        _edata = .

.igot.plt       0x200000c8        0x0 load address 0x08005a6c
 .igot.plt      0x200000c8        0x0 c:/Users/Alessandro/AppData/Roaming/Code/User/globalStorage/bmd.stm32-for-vscode/@xpack-dev-tools/arm-none-eabi-gcc/14.2.1-1.1.1/.content/bin/../lib/gcc/arm-none-eabi/14.2.1/thumb/v7e-m+fp/hard/crtbegin.o
                0x200000c8                        . = ALIGN (0x4)

.bss            0x200000c8      0x5c8 load address 0x08005a6c
                0x200000c8                        _sbss = .
                0x200000c8                        __bss_start__ = _sbss
 *(.bss)
 *(.bss*)
 .bss.completed.1
                0x200000c8        0x1 c:/Users/Alessandro/AppData/Roaming/Code/User/globalStorage/bmd.stm32-for-vscode/@xpack-dev-tools/arm-none-eabi-gcc/14.2.1-1.1.1/.content/bin/../lib/gcc/arm-none-eabi/14.2.1/thumb/v7e-m+fp/hard/crtbegin.o
 *fill*         0x200000c9        0x3 
 .bss.object.0  0x200000cc       0x18 c:/Users/Alessandro/AppData/Roaming/Code/User/globalStorage/bmd.stm32-for-vscode/@xpack-dev-tools/arm-none-eabi-gcc/14.2.1-1.1.1/.content/bin/../lib/gcc/arm-none-eabi/14.2.1/thumb/v7e-m+fp/hard/crtbegin.o
 .bss.charging_first_time
                0x200000e4        0x1 build/debug/bms.o
                0x200000e4                charging_first_time
 *fill*         0x200000e5        0x3 
 .bss.hv_devices_states_requests
                0x200000e8        0x4 build/debug/bms.o
                0x200000e8                hv_devices_states_requests
 .bss.battery_errors
                0x200000ec        0x4 build/debug/bms.o
                0x200000ec                battery_errors
 .bss.pack_information
                0x200000f0        0x4 build/debug/bms.o
                0x200000f0                pack_information
 .bss.battery_is_safe
                0x200000f4        0x1 build/debug/bms.o
                0x200000f4                battery_is_safe
 *fill*         0x200000f5        0x3 
 .bss.HAL_RCC_CAN1_CLK_ENABLED
                0x200000f8        0x4 build/debug/can.o
 .bss.hcan2     0x200000fc       0x28 build/debug/can.o
                0x200000fc                hcan2
 .bss.hcan1     0x20000124       0x28 build/debug/can.o
                0x20000124                hcan1
 .bss.pack_information_pointer
                0x2000014c        0x4 build/debug/can_utils.o
                0x2000014c                pack_information_pointer
 .bss.vbattery_current
                0x20000150        0x2 build/debug/l9963e_utils.o
                0x20000150                vbattery_current
 *fill*         0x20000152        0x2 
 .bss.vsumbatt  0x20000154        0x8 build/debug/l9963e_utils.o
                0x20000154                vsumbatt
 .bss.vtot      0x2000015c        0x4 build/debug/l9963e_utils.o
                0x2000015c                vtot
 .bss.vgpio     0x20000160       0x14 build/debug/l9963e_utils.o
                0x20000160                vgpio
 .bss.vcellsm   0x20000174       0x38 build/debug/l9963e_utils.o
                0x20000174                vcellsm
 .bss.h9l       0x200001ac       0x1c build/debug/l9963e_utils.o
                0x200001ac                h9l
 .bss.hv_devices_states_requests_main
                0x200001c8       0x18 build/debug/main.o
                0x200001c8                hv_devices_states_requests_main
 .bss.battery_errors_main
                0x200001e0       0x9c build/debug/main.o
                0x200001e0                battery_errors_main
 *fill*         0x2000027c        0x4 
 .bss.pack_information_main
                0x20000280       0xb0 build/debug/main.o
                0x20000280                pack_information_main
 .bss.can_receive_millis
                0x20000330        0x4 build/debug/main.o
                0x20000330                can_receive_millis
 .bss.can_send_millis
                0x20000334        0x4 build/debug/main.o
                0x20000334                can_send_millis
 .bss.bms_millis
                0x20000338        0x4 build/debug/main.o
                0x20000338                bms_millis
 .bss.hspi2     0x2000033c       0x58 build/debug/spi.o
                0x2000033c                hspi2
 .bss.hspi1     0x20000394       0x58 build/debug/spi.o
                0x20000394                hspi1
 .bss.uwTick    0x200003ec        0x4 build/debug/stm32f4xx_hal.o
                0x200003ec                uwTick
 .bss.htim13    0x200003f0       0x48 build/debug/tim.o
                0x200003f0                htim13
 .bss.htim12    0x20000438       0x48 build/debug/tim.o
                0x20000438                htim12
 .bss.htim7     0x20000480       0x48 build/debug/tim.o
                0x20000480                htim7
 .bss.htim6     0x200004c8       0x48 build/debug/tim.o
                0x200004c8                htim6
 .bss.huart2    0x20000510       0x48 build/debug/usart.o
                0x20000510                huart2
 .bss.__sf      0x20000558      0x138 c:/Users/Alessandro/AppData/Roaming/Code/User/globalStorage/bmd.stm32-for-vscode/@xpack-dev-tools/arm-none-eabi-gcc/14.2.1-1.1.1/.content/bin/../lib/gcc/arm-none-eabi/14.2.1/../../../../arm-none-eabi/lib/thumb/v7e-m+fp/hard\libc_nano.a(libc_a-findfp.o)
                0x20000558                __sf
 *(COMMON)
                0x20000690                        . = ALIGN (0x4)
                0x20000690                        _ebss = .
                0x20000690                        __bss_end__ = _ebss

._user_heap_stack
                0x20000690      0x600 load address 0x08005a6c
                0x20000690                        . = ALIGN (0x8)
                [!provide]                        PROVIDE (end = .)
                0x20000690                        PROVIDE (_end = .)
                0x20000890                        . = (. + _Min_Heap_Size)
 *fill*         0x20000690      0x200 
                0x20000c90                        . = (. + _Min_Stack_Size)
 *fill*         0x20000890      0x400 
                0x20000c90                        . = ALIGN (0x8)

/DISCARD/
 libc.a(*)
 libm.a(*)
 libgcc.a(*)
OUTPUT(build/debug/stm_hvbms.elf elf32-littlearm)
LOAD linker stubs
LOAD c:/Users/Alessandro/AppData/Roaming/Code/User/globalStorage/bmd.stm32-for-vscode/@xpack-dev-tools/arm-none-eabi-gcc/14.2.1-1.1.1/.content/bin/../lib/gcc/arm-none-eabi/14.2.1/../../../../arm-none-eabi/lib/thumb/v7e-m+fp/hard\libc.a
LOAD c:/Users/Alessandro/AppData/Roaming/Code/User/globalStorage/bmd.stm32-for-vscode/@xpack-dev-tools/arm-none-eabi-gcc/14.2.1-1.1.1/.content/bin/../lib/gcc/arm-none-eabi/14.2.1/../../../../arm-none-eabi/lib/thumb/v7e-m+fp/hard\libm.a
LOAD c:/Users/Alessandro/AppData/Roaming/Code/User/globalStorage/bmd.stm32-for-vscode/@xpack-dev-tools/arm-none-eabi-gcc/14.2.1-1.1.1/.content/bin/../lib/gcc/arm-none-eabi/14.2.1/thumb/v7e-m+fp/hard\libgcc.a

.ARM.attributes
                0x00000000       0x30
 .ARM.attributes
                0x00000000       0x22 c:/Users/Alessandro/AppData/Roaming/Code/User/globalStorage/bmd.stm32-for-vscode/@xpack-dev-tools/arm-none-eabi-gcc/14.2.1-1.1.1/.content/bin/../lib/gcc/arm-none-eabi/14.2.1/thumb/v7e-m+fp/hard/crti.o
 .ARM.attributes
                0x00000022       0x34 c:/Users/Alessandro/AppData/Roaming/Code/User/globalStorage/bmd.stm32-for-vscode/@xpack-dev-tools/arm-none-eabi-gcc/14.2.1-1.1.1/.content/bin/../lib/gcc/arm-none-eabi/14.2.1/thumb/v7e-m+fp/hard/crtbegin.o
 .ARM.attributes
                0x00000056       0x34 build/debug/L9963E.o
 .ARM.attributes
                0x0000008a       0x34 build/debug/L9963E_drv.o
 .ARM.attributes
                0x000000be       0x34 build/debug/bms.o
 .ARM.attributes
                0x000000f2       0x34 build/debug/can.o
 .ARM.attributes
                0x00000126       0x34 build/debug/can_utils.o
 .ARM.attributes
                0x0000015a       0x34 build/debug/gpio.o
 .ARM.attributes
                0x0000018e       0x34 build/debug/l9963e_utils.o
 .ARM.attributes
                0x000001c2       0x34 build/debug/main.o
 .ARM.attributes
                0x000001f6       0x34 build/debug/ntc.o
 .ARM.attributes
                0x0000022a       0x34 build/debug/spi.o
 .ARM.attributes
                0x0000025e       0x34 build/debug/stm32_if.o
 .ARM.attributes
                0x00000292       0x34 build/debug/stm32f4xx_hal.o
 .ARM.attributes
                0x000002c6       0x34 build/debug/stm32f4xx_hal_can.o
 .ARM.attributes
                0x000002fa       0x34 build/debug/stm32f4xx_hal_cortex.o
 .ARM.attributes
                0x0000032e       0x34 build/debug/stm32f4xx_hal_gpio.o
 .ARM.attributes
                0x00000362       0x34 build/debug/stm32f4xx_hal_msp.o
 .ARM.attributes
                0x00000396       0x34 build/debug/stm32f4xx_hal_pwr_ex.o
 .ARM.attributes
                0x000003ca       0x34 build/debug/stm32f4xx_hal_rcc.o
 .ARM.attributes
                0x000003fe       0x34 build/debug/stm32f4xx_hal_rcc_ex.o
 .ARM.attributes
                0x00000432       0x34 build/debug/stm32f4xx_hal_spi.o
 .ARM.attributes
                0x00000466       0x34 build/debug/stm32f4xx_hal_tim.o
 .ARM.attributes
                0x0000049a       0x34 build/debug/stm32f4xx_hal_tim_ex.o
 .ARM.attributes
                0x000004ce       0x34 build/debug/stm32f4xx_hal_uart.o
 .ARM.attributes
                0x00000502       0x34 build/debug/stm32f4xx_it.o
 .ARM.attributes
                0x00000536       0x34 build/debug/system_stm32f4xx.o
 .ARM.attributes
                0x0000056a       0x34 build/debug/tim.o
 .ARM.attributes
                0x0000059e       0x34 build/debug/usart.o
 .ARM.attributes
                0x000005d2       0x34 build/debug/utils.o
 .ARM.attributes
                0x00000606       0x21 build/debug/startup_stm32f446xx.o
 .ARM.attributes
                0x00000627       0x34 c:/Users/Alessandro/AppData/Roaming/Code/User/globalStorage/bmd.stm32-for-vscode/@xpack-dev-tools/arm-none-eabi-gcc/14.2.1-1.1.1/.content/bin/../lib/gcc/arm-none-eabi/14.2.1/../../../../arm-none-eabi/lib/thumb/v7e-m+fp/hard\libc_nano.a(libc_a-findfp.o)
 .ARM.attributes
                0x0000065b       0x34 c:/Users/Alessandro/AppData/Roaming/Code/User/globalStorage/bmd.stm32-for-vscode/@xpack-dev-tools/arm-none-eabi-gcc/14.2.1-1.1.1/.content/bin/../lib/gcc/arm-none-eabi/14.2.1/../../../../arm-none-eabi/lib/thumb/v7e-m+fp/hard\libc_nano.a(libc_a-memset.o)
 .ARM.attributes
                0x0000068f       0x34 c:/Users/Alessandro/AppData/Roaming/Code/User/globalStorage/bmd.stm32-for-vscode/@xpack-dev-tools/arm-none-eabi-gcc/14.2.1-1.1.1/.content/bin/../lib/gcc/arm-none-eabi/14.2.1/../../../../arm-none-eabi/lib/thumb/v7e-m+fp/hard\libc_nano.a(libc_a-impure.o)
 .ARM.attributes
                0x000006c3       0x34 c:/Users/Alessandro/AppData/Roaming/Code/User/globalStorage/bmd.stm32-for-vscode/@xpack-dev-tools/arm-none-eabi-gcc/14.2.1-1.1.1/.content/bin/../lib/gcc/arm-none-eabi/14.2.1/../../../../arm-none-eabi/lib/thumb/v7e-m+fp/hard\libc_nano.a(libc_a-errno.o)
 .ARM.attributes
                0x000006f7       0x34 c:/Users/Alessandro/AppData/Roaming/Code/User/globalStorage/bmd.stm32-for-vscode/@xpack-dev-tools/arm-none-eabi-gcc/14.2.1-1.1.1/.content/bin/../lib/gcc/arm-none-eabi/14.2.1/../../../../arm-none-eabi/lib/thumb/v7e-m+fp/hard\libc_nano.a(libc_a-init.o)
 .ARM.attributes
                0x0000072b       0x34 c:/Users/Alessandro/AppData/Roaming/Code/User/globalStorage/bmd.stm32-for-vscode/@xpack-dev-tools/arm-none-eabi-gcc/14.2.1-1.1.1/.content/bin/../lib/gcc/arm-none-eabi/14.2.1/../../../../arm-none-eabi/lib/thumb/v7e-m+fp/hard\libm.a(libm_a-w_log.o)
 .ARM.attributes
                0x0000075f       0x34 c:/Users/Alessandro/AppData/Roaming/Code/User/globalStorage/bmd.stm32-for-vscode/@xpack-dev-tools/arm-none-eabi-gcc/14.2.1-1.1.1/.content/bin/../lib/gcc/arm-none-eabi/14.2.1/../../../../arm-none-eabi/lib/thumb/v7e-m+fp/hard\libm.a(libm_a-s_nan.o)
 .ARM.attributes
                0x00000793       0x34 c:/Users/Alessandro/AppData/Roaming/Code/User/globalStorage/bmd.stm32-for-vscode/@xpack-dev-tools/arm-none-eabi-gcc/14.2.1-1.1.1/.content/bin/../lib/gcc/arm-none-eabi/14.2.1/../../../../arm-none-eabi/lib/thumb/v7e-m+fp/hard\libm.a(libm_a-e_log.o)
 .ARM.attributes
                0x000007c7       0x22 c:/Users/Alessandro/AppData/Roaming/Code/User/globalStorage/bmd.stm32-for-vscode/@xpack-dev-tools/arm-none-eabi-gcc/14.2.1-1.1.1/.content/bin/../lib/gcc/arm-none-eabi/14.2.1/thumb/v7e-m+fp/hard\libgcc.a(_arm_addsubdf3.o)
 .ARM.attributes
                0x000007e9       0x22 c:/Users/Alessandro/AppData/Roaming/Code/User/globalStorage/bmd.stm32-for-vscode/@xpack-dev-tools/arm-none-eabi-gcc/14.2.1-1.1.1/.content/bin/../lib/gcc/arm-none-eabi/14.2.1/thumb/v7e-m+fp/hard\libgcc.a(_arm_muldivdf3.o)
 .ARM.attributes
                0x0000080b       0x22 c:/Users/Alessandro/AppData/Roaming/Code/User/globalStorage/bmd.stm32-for-vscode/@xpack-dev-tools/arm-none-eabi-gcc/14.2.1-1.1.1/.content/bin/../lib/gcc/arm-none-eabi/14.2.1/thumb/v7e-m+fp/hard\libgcc.a(_arm_cmpdf2.o)
 .ARM.attributes
                0x0000082d       0x22 c:/Users/Alessandro/AppData/Roaming/Code/User/globalStorage/bmd.stm32-for-vscode/@xpack-dev-tools/arm-none-eabi-gcc/14.2.1-1.1.1/.content/bin/../lib/gcc/arm-none-eabi/14.2.1/thumb/v7e-m+fp/hard\libgcc.a(_arm_unorddf2.o)
 .ARM.attributes
                0x0000084f       0x22 c:/Users/Alessandro/AppData/Roaming/Code/User/globalStorage/bmd.stm32-for-vscode/@xpack-dev-tools/arm-none-eabi-gcc/14.2.1-1.1.1/.content/bin/../lib/gcc/arm-none-eabi/14.2.1/thumb/v7e-m+fp/hard\libgcc.a(_arm_truncdfsf2.o)
 .ARM.attributes
                0x00000871       0x22 c:/Users/Alessandro/AppData/Roaming/Code/User/globalStorage/bmd.stm32-for-vscode/@xpack-dev-tools/arm-none-eabi-gcc/14.2.1-1.1.1/.content/bin/../lib/gcc/arm-none-eabi/14.2.1/thumb/v7e-m+fp/hard\libgcc.a(_aeabi_uldivmod.o)
 .ARM.attributes
                0x00000893       0x34 c:/Users/Alessandro/AppData/Roaming/Code/User/globalStorage/bmd.stm32-for-vscode/@xpack-dev-tools/arm-none-eabi-gcc/14.2.1-1.1.1/.content/bin/../lib/gcc/arm-none-eabi/14.2.1/thumb/v7e-m+fp/hard\libgcc.a(_udivmoddi4.o)
 .ARM.attributes
                0x000008c7       0x22 c:/Users/Alessandro/AppData/Roaming/Code/User/globalStorage/bmd.stm32-for-vscode/@xpack-dev-tools/arm-none-eabi-gcc/14.2.1-1.1.1/.content/bin/../lib/gcc/arm-none-eabi/14.2.1/thumb/v7e-m+fp/hard\libgcc.a(_dvmd_tls.o)
 .ARM.attributes
                0x000008e9       0x22 c:/Users/Alessandro/AppData/Roaming/Code/User/globalStorage/bmd.stm32-for-vscode/@xpack-dev-tools/arm-none-eabi-gcc/14.2.1-1.1.1/.content/bin/../lib/gcc/arm-none-eabi/14.2.1/thumb/v7e-m+fp/hard/crtn.o

.comment        0x00000000       0x39
 .comment       0x00000000       0x39 c:/Users/Alessandro/AppData/Roaming/Code/User/globalStorage/bmd.stm32-for-vscode/@xpack-dev-tools/arm-none-eabi-gcc/14.2.1-1.1.1/.content/bin/../lib/gcc/arm-none-eabi/14.2.1/thumb/v7e-m+fp/hard/crtbegin.o
                                 0x3a (size before relaxing)
 .comment       0x00000039       0x3a build/debug/L9963E.o
 .comment       0x00000039       0x3a build/debug/L9963E_drv.o
 .comment       0x00000039       0x3a build/debug/bms.o
 .comment       0x00000039       0x3a build/debug/can.o
 .comment       0x00000039       0x3a build/debug/can_utils.o
 .comment       0x00000039       0x3a build/debug/gpio.o
 .comment       0x00000039       0x3a build/debug/l9963e_utils.o
 .comment       0x00000039       0x3a build/debug/main.o
 .comment       0x00000039       0x3a build/debug/ntc.o
 .comment       0x00000039       0x3a build/debug/spi.o
 .comment       0x00000039       0x3a build/debug/stm32_if.o
 .comment       0x00000039       0x3a build/debug/stm32f4xx_hal.o
 .comment       0x00000039       0x3a build/debug/stm32f4xx_hal_can.o
 .comment       0x00000039       0x3a build/debug/stm32f4xx_hal_cortex.o
 .comment       0x00000039       0x3a build/debug/stm32f4xx_hal_gpio.o
 .comment       0x00000039       0x3a build/debug/stm32f4xx_hal_msp.o
 .comment       0x00000039       0x3a build/debug/stm32f4xx_hal_pwr_ex.o
 .comment       0x00000039       0x3a build/debug/stm32f4xx_hal_rcc.o
 .comment       0x00000039       0x3a build/debug/stm32f4xx_hal_rcc_ex.o
 .comment       0x00000039       0x3a build/debug/stm32f4xx_hal_spi.o
 .comment       0x00000039       0x3a build/debug/stm32f4xx_hal_tim.o
 .comment       0x00000039       0x3a build/debug/stm32f4xx_hal_tim_ex.o
 .comment       0x00000039       0x3a build/debug/stm32f4xx_hal_uart.o
 .comment       0x00000039       0x3a build/debug/stm32f4xx_it.o
 .comment       0x00000039       0x3a build/debug/system_stm32f4xx.o
 .comment       0x00000039       0x3a build/debug/tim.o
 .comment       0x00000039       0x3a build/debug/usart.o
 .comment       0x00000039       0x3a build/debug/utils.o
 .comment       0x00000039       0x3a c:/Users/Alessandro/AppData/Roaming/Code/User/globalStorage/bmd.stm32-for-vscode/@xpack-dev-tools/arm-none-eabi-gcc/14.2.1-1.1.1/.content/bin/../lib/gcc/arm-none-eabi/14.2.1/../../../../arm-none-eabi/lib/thumb/v7e-m+fp/hard\libc_nano.a(libc_a-findfp.o)
 .comment       0x00000039       0x3a c:/Users/Alessandro/AppData/Roaming/Code/User/globalStorage/bmd.stm32-for-vscode/@xpack-dev-tools/arm-none-eabi-gcc/14.2.1-1.1.1/.content/bin/../lib/gcc/arm-none-eabi/14.2.1/../../../../arm-none-eabi/lib/thumb/v7e-m+fp/hard\libc_nano.a(libc_a-memset.o)
 .comment       0x00000039       0x3a c:/Users/Alessandro/AppData/Roaming/Code/User/globalStorage/bmd.stm32-for-vscode/@xpack-dev-tools/arm-none-eabi-gcc/14.2.1-1.1.1/.content/bin/../lib/gcc/arm-none-eabi/14.2.1/../../../../arm-none-eabi/lib/thumb/v7e-m+fp/hard\libc_nano.a(libc_a-impure.o)
 .comment       0x00000039       0x3a c:/Users/Alessandro/AppData/Roaming/Code/User/globalStorage/bmd.stm32-for-vscode/@xpack-dev-tools/arm-none-eabi-gcc/14.2.1-1.1.1/.content/bin/../lib/gcc/arm-none-eabi/14.2.1/../../../../arm-none-eabi/lib/thumb/v7e-m+fp/hard\libc_nano.a(libc_a-errno.o)
 .comment       0x00000039       0x3a c:/Users/Alessandro/AppData/Roaming/Code/User/globalStorage/bmd.stm32-for-vscode/@xpack-dev-tools/arm-none-eabi-gcc/14.2.1-1.1.1/.content/bin/../lib/gcc/arm-none-eabi/14.2.1/../../../../arm-none-eabi/lib/thumb/v7e-m+fp/hard\libc_nano.a(libc_a-init.o)
 .comment       0x00000039       0x3a c:/Users/Alessandro/AppData/Roaming/Code/User/globalStorage/bmd.stm32-for-vscode/@xpack-dev-tools/arm-none-eabi-gcc/14.2.1-1.1.1/.content/bin/../lib/gcc/arm-none-eabi/14.2.1/../../../../arm-none-eabi/lib/thumb/v7e-m+fp/hard\libm.a(libm_a-w_log.o)
 .comment       0x00000039       0x3a c:/Users/Alessandro/AppData/Roaming/Code/User/globalStorage/bmd.stm32-for-vscode/@xpack-dev-tools/arm-none-eabi-gcc/14.2.1-1.1.1/.content/bin/../lib/gcc/arm-none-eabi/14.2.1/../../../../arm-none-eabi/lib/thumb/v7e-m+fp/hard\libm.a(libm_a-s_nan.o)
 .comment       0x00000039       0x3a c:/Users/Alessandro/AppData/Roaming/Code/User/globalStorage/bmd.stm32-for-vscode/@xpack-dev-tools/arm-none-eabi-gcc/14.2.1-1.1.1/.content/bin/../lib/gcc/arm-none-eabi/14.2.1/../../../../arm-none-eabi/lib/thumb/v7e-m+fp/hard\libm.a(libm_a-e_log.o)
 .comment       0x00000039       0x3a c:/Users/Alessandro/AppData/Roaming/Code/User/globalStorage/bmd.stm32-for-vscode/@xpack-dev-tools/arm-none-eabi-gcc/14.2.1-1.1.1/.content/bin/../lib/gcc/arm-none-eabi/14.2.1/thumb/v7e-m+fp/hard\libgcc.a(_udivmoddi4.o)

.debug_info     0x00000000    0x25763
 .debug_info    0x00000000     0x3aae build/debug/L9963E.o
 .debug_info    0x00003aae     0x4bb0 build/debug/L9963E_drv.o
 .debug_info    0x0000865e     0x11bf build/debug/bms.o
 .debug_info    0x0000981d      0xd35 build/debug/can.o
 .debug_info    0x0000a552      0x90c build/debug/can_utils.o
 .debug_info    0x0000ae5e      0x58b build/debug/gpio.o
 .debug_info    0x0000b3e9     0x3dd4 build/debug/l9963e_utils.o
 .debug_info    0x0000f1bd      0xb90 build/debug/main.o
 .debug_info    0x0000fd4d      0x1f1 build/debug/ntc.o
 .debug_info    0x0000ff3e      0xb02 build/debug/spi.o
 .debug_info    0x00010a40      0xde6 build/debug/stm32_if.o
 .debug_info    0x00011826      0xa38 build/debug/stm32f4xx_hal.o
 .debug_info    0x0001225e     0x11f2 build/debug/stm32f4xx_hal_can.o
 .debug_info    0x00013450     0x1013 build/debug/stm32f4xx_hal_cortex.o
 .debug_info    0x00014463      0x74c build/debug/stm32f4xx_hal_gpio.o
 .debug_info    0x00014baf      0x295 build/debug/stm32f4xx_hal_msp.o
 .debug_info    0x00014e44      0x7a6 build/debug/stm32f4xx_hal_pwr_ex.o
 .debug_info    0x000155ea      0xaa9 build/debug/stm32f4xx_hal_rcc.o
 .debug_info    0x00016093      0xc4f build/debug/stm32f4xx_hal_rcc_ex.o
 .debug_info    0x00016ce2     0x1ccc build/debug/stm32f4xx_hal_spi.o
 .debug_info    0x000189ae     0x3c53 build/debug/stm32f4xx_hal_tim.o
 .debug_info    0x0001c601     0x1ade build/debug/stm32f4xx_hal_tim_ex.o
 .debug_info    0x0001e0df     0x4000 build/debug/stm32f4xx_hal_uart.o
 .debug_info    0x000220df      0x76f build/debug/stm32f4xx_it.o
 .debug_info    0x0002284e      0x55f build/debug/system_stm32f4xx.o
 .debug_info    0x00022dad     0x1233 build/debug/tim.o
 .debug_info    0x00023fe0      0x9a9 build/debug/usart.o
 .debug_info    0x00024989      0x3c3 build/debug/utils.o
 .debug_info    0x00024d4c       0x30 build/debug/startup_stm32f446xx.o
 .debug_info    0x00024d7c       0xd3 c:/Users/Alessandro/AppData/Roaming/Code/User/globalStorage/bmd.stm32-for-vscode/@xpack-dev-tools/arm-none-eabi-gcc/14.2.1-1.1.1/.content/bin/../lib/gcc/arm-none-eabi/14.2.1/thumb/v7e-m+fp/hard\libgcc.a(_arm_addsubdf3.o)
 .debug_info    0x00024e4f       0x57 c:/Users/Alessandro/AppData/Roaming/Code/User/globalStorage/bmd.stm32-for-vscode/@xpack-dev-tools/arm-none-eabi-gcc/14.2.1-1.1.1/.content/bin/../lib/gcc/arm-none-eabi/14.2.1/thumb/v7e-m+fp/hard\libgcc.a(_arm_muldivdf3.o)
 .debug_info    0x00024ea6       0xdf c:/Users/Alessandro/AppData/Roaming/Code/User/globalStorage/bmd.stm32-for-vscode/@xpack-dev-tools/arm-none-eabi-gcc/14.2.1-1.1.1/.content/bin/../lib/gcc/arm-none-eabi/14.2.1/thumb/v7e-m+fp/hard\libgcc.a(_arm_cmpdf2.o)
 .debug_info    0x00024f85       0x3c c:/Users/Alessandro/AppData/Roaming/Code/User/globalStorage/bmd.stm32-for-vscode/@xpack-dev-tools/arm-none-eabi-gcc/14.2.1-1.1.1/.content/bin/../lib/gcc/arm-none-eabi/14.2.1/thumb/v7e-m+fp/hard\libgcc.a(_arm_unorddf2.o)
 .debug_info    0x00024fc1       0x3f c:/Users/Alessandro/AppData/Roaming/Code/User/globalStorage/bmd.stm32-for-vscode/@xpack-dev-tools/arm-none-eabi-gcc/14.2.1-1.1.1/.content/bin/../lib/gcc/arm-none-eabi/14.2.1/thumb/v7e-m+fp/hard\libgcc.a(_arm_truncdfsf2.o)
 .debug_info    0x00025000       0x24 c:/Users/Alessandro/AppData/Roaming/Code/User/globalStorage/bmd.stm32-for-vscode/@xpack-dev-tools/arm-none-eabi-gcc/14.2.1-1.1.1/.content/bin/../lib/gcc/arm-none-eabi/14.2.1/thumb/v7e-m+fp/hard\libgcc.a(_aeabi_uldivmod.o)
 .debug_info    0x00025024      0x703 c:/Users/Alessandro/AppData/Roaming/Code/User/globalStorage/bmd.stm32-for-vscode/@xpack-dev-tools/arm-none-eabi-gcc/14.2.1-1.1.1/.content/bin/../lib/gcc/arm-none-eabi/14.2.1/thumb/v7e-m+fp/hard\libgcc.a(_udivmoddi4.o)
 .debug_info    0x00025727       0x3c c:/Users/Alessandro/AppData/Roaming/Code/User/globalStorage/bmd.stm32-for-vscode/@xpack-dev-tools/arm-none-eabi-gcc/14.2.1-1.1.1/.content/bin/../lib/gcc/arm-none-eabi/14.2.1/thumb/v7e-m+fp/hard\libgcc.a(_dvmd_tls.o)

.debug_abbrev   0x00000000     0x41d0
 .debug_abbrev  0x00000000      0x2ca build/debug/L9963E.o
 .debug_abbrev  0x000002ca      0x36b build/debug/L9963E_drv.o
 .debug_abbrev  0x00000635      0x363 build/debug/bms.o
 .debug_abbrev  0x00000998      0x2b4 build/debug/can.o
 .debug_abbrev  0x00000c4c      0x23e build/debug/can_utils.o
 .debug_abbrev  0x00000e8a      0x164 build/debug/gpio.o
 .debug_abbrev  0x00000fee      0x30b build/debug/l9963e_utils.o
 .debug_abbrev  0x000012f9      0x256 build/debug/main.o
 .debug_abbrev  0x0000154f       0xb4 build/debug/ntc.o
 .debug_abbrev  0x00001603      0x21c build/debug/spi.o
 .debug_abbrev  0x0000181f      0x24d build/debug/stm32_if.o
 .debug_abbrev  0x00001a6c      0x240 build/debug/stm32f4xx_hal.o
 .debug_abbrev  0x00001cac      0x27d build/debug/stm32f4xx_hal_can.o
 .debug_abbrev  0x00001f29      0x391 build/debug/stm32f4xx_hal_cortex.o
 .debug_abbrev  0x000022ba      0x202 build/debug/stm32f4xx_hal_gpio.o
 .debug_abbrev  0x000024bc       0xd6 build/debug/stm32f4xx_hal_msp.o
 .debug_abbrev  0x00002592      0x1e6 build/debug/stm32f4xx_hal_pwr_ex.o
 .debug_abbrev  0x00002778      0x2c7 build/debug/stm32f4xx_hal_rcc.o
 .debug_abbrev  0x00002a3f      0x24f build/debug/stm32f4xx_hal_rcc_ex.o
 .debug_abbrev  0x00002c8e      0x272 build/debug/stm32f4xx_hal_spi.o
 .debug_abbrev  0x00002f00      0x271 build/debug/stm32f4xx_hal_tim.o
 .debug_abbrev  0x00003171      0x26f build/debug/stm32f4xx_hal_tim_ex.o
 .debug_abbrev  0x000033e0      0x32f build/debug/stm32f4xx_hal_uart.o
 .debug_abbrev  0x0000370f      0x19d build/debug/stm32f4xx_it.o
 .debug_abbrev  0x000038ac      0x11e build/debug/system_stm32f4xx.o
 .debug_abbrev  0x000039ca      0x279 build/debug/tim.o
 .debug_abbrev  0x00003c43      0x217 build/debug/usart.o
 .debug_abbrev  0x00003e5a       0xe6 build/debug/utils.o
 .debug_abbrev  0x00003f40       0x24 build/debug/startup_stm32f446xx.o
 .debug_abbrev  0x00003f64       0x28 c:/Users/Alessandro/AppData/Roaming/Code/User/globalStorage/bmd.stm32-for-vscode/@xpack-dev-tools/arm-none-eabi-gcc/14.2.1-1.1.1/.content/bin/../lib/gcc/arm-none-eabi/14.2.1/thumb/v7e-m+fp/hard\libgcc.a(_arm_addsubdf3.o)
 .debug_abbrev  0x00003f8c       0x28 c:/Users/Alessandro/AppData/Roaming/Code/User/globalStorage/bmd.stm32-for-vscode/@xpack-dev-tools/arm-none-eabi-gcc/14.2.1-1.1.1/.content/bin/../lib/gcc/arm-none-eabi/14.2.1/thumb/v7e-m+fp/hard\libgcc.a(_arm_muldivdf3.o)
 .debug_abbrev  0x00003fb4       0x28 c:/Users/Alessandro/AppData/Roaming/Code/User/globalStorage/bmd.stm32-for-vscode/@xpack-dev-tools/arm-none-eabi-gcc/14.2.1-1.1.1/.content/bin/../lib/gcc/arm-none-eabi/14.2.1/thumb/v7e-m+fp/hard\libgcc.a(_arm_cmpdf2.o)
 .debug_abbrev  0x00003fdc       0x28 c:/Users/Alessandro/AppData/Roaming/Code/User/globalStorage/bmd.stm32-for-vscode/@xpack-dev-tools/arm-none-eabi-gcc/14.2.1-1.1.1/.content/bin/../lib/gcc/arm-none-eabi/14.2.1/thumb/v7e-m+fp/hard\libgcc.a(_arm_unorddf2.o)
 .debug_abbrev  0x00004004       0x28 c:/Users/Alessandro/AppData/Roaming/Code/User/globalStorage/bmd.stm32-for-vscode/@xpack-dev-tools/arm-none-eabi-gcc/14.2.1-1.1.1/.content/bin/../lib/gcc/arm-none-eabi/14.2.1/thumb/v7e-m+fp/hard\libgcc.a(_arm_truncdfsf2.o)
 .debug_abbrev  0x0000402c       0x14 c:/Users/Alessandro/AppData/Roaming/Code/User/globalStorage/bmd.stm32-for-vscode/@xpack-dev-tools/arm-none-eabi-gcc/14.2.1-1.1.1/.content/bin/../lib/gcc/arm-none-eabi/14.2.1/thumb/v7e-m+fp/hard\libgcc.a(_aeabi_uldivmod.o)
 .debug_abbrev  0x00004040      0x16a c:/Users/Alessandro/AppData/Roaming/Code/User/globalStorage/bmd.stm32-for-vscode/@xpack-dev-tools/arm-none-eabi-gcc/14.2.1-1.1.1/.content/bin/../lib/gcc/arm-none-eabi/14.2.1/thumb/v7e-m+fp/hard\libgcc.a(_udivmoddi4.o)
 .debug_abbrev  0x000041aa       0x26 c:/Users/Alessandro/AppData/Roaming/Code/User/globalStorage/bmd.stm32-for-vscode/@xpack-dev-tools/arm-none-eabi-gcc/14.2.1-1.1.1/.content/bin/../lib/gcc/arm-none-eabi/14.2.1/thumb/v7e-m+fp/hard\libgcc.a(_dvmd_tls.o)

.debug_loclists
                0x00000000     0xe507
 .debug_loclists
                0x00000000      0xc01 build/debug/L9963E.o
 .debug_loclists
                0x00000c01      0x80c build/debug/L9963E_drv.o
 .debug_loclists
                0x0000140d      0x2d7 build/debug/bms.o
 .debug_loclists
                0x000016e4      0x126 build/debug/can.o
 .debug_loclists
                0x0000180a       0x4e build/debug/can_utils.o
 .debug_loclists
                0x00001858      0x333 build/debug/l9963e_utils.o
 .debug_loclists
                0x00001b8b       0x4b build/debug/ntc.o
 .debug_loclists
                0x00001bd6       0xa5 build/debug/spi.o
 .debug_loclists
                0x00001c7b      0x7c5 build/debug/stm32_if.o
 .debug_loclists
                0x00002440       0xe1 build/debug/stm32f4xx_hal.o
 .debug_loclists
                0x00002521      0xa57 build/debug/stm32f4xx_hal_can.o
 .debug_loclists
                0x00002f78      0x54d build/debug/stm32f4xx_hal_cortex.o
 .debug_loclists
                0x000034c5      0x386 build/debug/stm32f4xx_hal_gpio.o
 .debug_loclists
                0x0000384b      0x15a build/debug/stm32f4xx_hal_pwr_ex.o
 .debug_loclists
                0x000039a5      0x3db build/debug/stm32f4xx_hal_rcc.o
 .debug_loclists
                0x00003d80      0x98c build/debug/stm32f4xx_hal_rcc_ex.o
 .debug_loclists
                0x0000470c     0x14c2 build/debug/stm32f4xx_hal_spi.o
 .debug_loclists
                0x00005bce     0x37cb build/debug/stm32f4xx_hal_tim.o
 .debug_loclists
                0x00009399     0x1402 build/debug/stm32f4xx_hal_tim_ex.o
 .debug_loclists
                0x0000a79b     0x2cd8 build/debug/stm32f4xx_hal_uart.o
 .debug_loclists
                0x0000d473       0xe7 build/debug/system_stm32f4xx.o
 .debug_loclists
                0x0000d55a      0x13a build/debug/tim.o
 .debug_loclists
                0x0000d694       0x74 build/debug/usart.o
 .debug_loclists
                0x0000d708      0x2ea build/debug/utils.o
 .debug_loclists
                0x0000d9f2      0xb15 c:/Users/Alessandro/AppData/Roaming/Code/User/globalStorage/bmd.stm32-for-vscode/@xpack-dev-tools/arm-none-eabi-gcc/14.2.1-1.1.1/.content/bin/../lib/gcc/arm-none-eabi/14.2.1/thumb/v7e-m+fp/hard\libgcc.a(_udivmoddi4.o)

.debug_aranges  0x00000000     0x1438
 .debug_aranges
                0x00000000       0x70 build/debug/L9963E.o
 .debug_aranges
                0x00000070       0x88 build/debug/L9963E_drv.o
 .debug_aranges
                0x000000f8       0x98 build/debug/bms.o
 .debug_aranges
                0x00000190       0x50 build/debug/can.o
 .debug_aranges
                0x000001e0       0x48 build/debug/can_utils.o
 .debug_aranges
                0x00000228       0x20 build/debug/gpio.o
 .debug_aranges
                0x00000248       0x58 build/debug/l9963e_utils.o
 .debug_aranges
                0x000002a0       0x30 build/debug/main.o
 .debug_aranges
                0x000002d0       0x20 build/debug/ntc.o
 .debug_aranges
                0x000002f0       0x38 build/debug/spi.o
 .debug_aranges
                0x00000328       0x68 build/debug/stm32_if.o
 .debug_aranges
                0x00000390       0xf0 build/debug/stm32f4xx_hal.o
 .debug_aranges
                0x00000480      0x138 build/debug/stm32f4xx_hal_can.o
 .debug_aranges
                0x000005b8       0xf8 build/debug/stm32f4xx_hal_cortex.o
 .debug_aranges
                0x000006b0       0x58 build/debug/stm32f4xx_hal_gpio.o
 .debug_aranges
                0x00000708       0x20 build/debug/stm32f4xx_hal_msp.o
 .debug_aranges
                0x00000728       0x60 build/debug/stm32f4xx_hal_pwr_ex.o
 .debug_aranges
                0x00000788       0x88 build/debug/stm32f4xx_hal_rcc.o
 .debug_aranges
                0x00000810       0x78 build/debug/stm32f4xx_hal_rcc_ex.o
 .debug_aranges
                0x00000888      0x1d0 build/debug/stm32f4xx_hal_spi.o
 .debug_aranges
                0x00000a58      0x3d0 build/debug/stm32f4xx_hal_tim.o
 .debug_aranges
                0x00000e28      0x168 build/debug/stm32f4xx_hal_tim_ex.o
 .debug_aranges
                0x00000f90      0x208 build/debug/stm32f4xx_hal_uart.o
 .debug_aranges
                0x00001198       0x80 build/debug/stm32f4xx_it.o
 .debug_aranges
                0x00001218       0x28 build/debug/system_stm32f4xx.o
 .debug_aranges
                0x00001240       0x50 build/debug/tim.o
 .debug_aranges
                0x00001290       0x30 build/debug/usart.o
 .debug_aranges
                0x000012c0       0x50 build/debug/utils.o
 .debug_aranges
                0x00001310       0x28 build/debug/startup_stm32f446xx.o
 .debug_aranges
                0x00001338       0x20 c:/Users/Alessandro/AppData/Roaming/Code/User/globalStorage/bmd.stm32-for-vscode/@xpack-dev-tools/arm-none-eabi-gcc/14.2.1-1.1.1/.content/bin/../lib/gcc/arm-none-eabi/14.2.1/thumb/v7e-m+fp/hard\libgcc.a(_arm_addsubdf3.o)
 .debug_aranges
                0x00001358       0x20 c:/Users/Alessandro/AppData/Roaming/Code/User/globalStorage/bmd.stm32-for-vscode/@xpack-dev-tools/arm-none-eabi-gcc/14.2.1-1.1.1/.content/bin/../lib/gcc/arm-none-eabi/14.2.1/thumb/v7e-m+fp/hard\libgcc.a(_arm_muldivdf3.o)
 .debug_aranges
                0x00001378       0x20 c:/Users/Alessandro/AppData/Roaming/Code/User/globalStorage/bmd.stm32-for-vscode/@xpack-dev-tools/arm-none-eabi-gcc/14.2.1-1.1.1/.content/bin/../lib/gcc/arm-none-eabi/14.2.1/thumb/v7e-m+fp/hard\libgcc.a(_arm_cmpdf2.o)
 .debug_aranges
                0x00001398       0x20 c:/Users/Alessandro/AppData/Roaming/Code/User/globalStorage/bmd.stm32-for-vscode/@xpack-dev-tools/arm-none-eabi-gcc/14.2.1-1.1.1/.content/bin/../lib/gcc/arm-none-eabi/14.2.1/thumb/v7e-m+fp/hard\libgcc.a(_arm_unorddf2.o)
 .debug_aranges
                0x000013b8       0x20 c:/Users/Alessandro/AppData/Roaming/Code/User/globalStorage/bmd.stm32-for-vscode/@xpack-dev-tools/arm-none-eabi-gcc/14.2.1-1.1.1/.content/bin/../lib/gcc/arm-none-eabi/14.2.1/thumb/v7e-m+fp/hard\libgcc.a(_arm_truncdfsf2.o)
 .debug_aranges
                0x000013d8       0x20 c:/Users/Alessandro/AppData/Roaming/Code/User/globalStorage/bmd.stm32-for-vscode/@xpack-dev-tools/arm-none-eabi-gcc/14.2.1-1.1.1/.content/bin/../lib/gcc/arm-none-eabi/14.2.1/thumb/v7e-m+fp/hard\libgcc.a(_aeabi_uldivmod.o)
 .debug_aranges
                0x000013f8       0x20 c:/Users/Alessandro/AppData/Roaming/Code/User/globalStorage/bmd.stm32-for-vscode/@xpack-dev-tools/arm-none-eabi-gcc/14.2.1-1.1.1/.content/bin/../lib/gcc/arm-none-eabi/14.2.1/thumb/v7e-m+fp/hard\libgcc.a(_udivmoddi4.o)
 .debug_aranges
                0x00001418       0x20 c:/Users/Alessandro/AppData/Roaming/Code/User/globalStorage/bmd.stm32-for-vscode/@xpack-dev-tools/arm-none-eabi-gcc/14.2.1-1.1.1/.content/bin/../lib/gcc/arm-none-eabi/14.2.1/thumb/v7e-m+fp/hard\libgcc.a(_dvmd_tls.o)

.debug_rnglists
                0x00000000      0xfd3
 .debug_rnglists
                0x00000000       0x53 build/debug/L9963E.o
 .debug_rnglists
                0x00000053       0x72 build/debug/L9963E_drv.o
 .debug_rnglists
                0x000000c5       0xa8 build/debug/bms.o
 .debug_rnglists
                0x0000016d       0x38 build/debug/can.o
 .debug_rnglists
                0x000001a5       0x32 build/debug/can_utils.o
 .debug_rnglists
                0x000001d7       0x14 build/debug/gpio.o
 .debug_rnglists
                0x000001eb       0x7d build/debug/l9963e_utils.o
 .debug_rnglists
                0x00000268       0x21 build/debug/main.o
 .debug_rnglists
                0x00000289       0x14 build/debug/ntc.o
 .debug_rnglists
                0x0000029d       0x26 build/debug/spi.o
 .debug_rnglists
                0x000002c3       0x49 build/debug/stm32_if.o
 .debug_rnglists
                0x0000030c       0xaf build/debug/stm32f4xx_hal.o
 .debug_rnglists
                0x000003bb       0xf6 build/debug/stm32f4xx_hal_can.o
 .debug_rnglists
                0x000004b1       0xb5 build/debug/stm32f4xx_hal_cortex.o
 .debug_rnglists
                0x00000566       0x3f build/debug/stm32f4xx_hal_gpio.o
 .debug_rnglists
                0x000005a5       0x13 build/debug/stm32f4xx_hal_msp.o
 .debug_rnglists
                0x000005b8       0x44 build/debug/stm32f4xx_hal_pwr_ex.o
 .debug_rnglists
                0x000005fc       0x75 build/debug/stm32f4xx_hal_rcc.o
 .debug_rnglists
                0x00000671       0x6b build/debug/stm32f4xx_hal_rcc_ex.o
 .debug_rnglists
                0x000006dc      0x16a build/debug/stm32f4xx_hal_spi.o
 .debug_rnglists
                0x00000846      0x302 build/debug/stm32f4xx_hal_tim.o
 .debug_rnglists
                0x00000b48      0x11b build/debug/stm32f4xx_hal_tim_ex.o
 .debug_rnglists
                0x00000c63      0x1a1 build/debug/stm32f4xx_hal_uart.o
 .debug_rnglists
                0x00000e04       0x5b build/debug/stm32f4xx_it.o
 .debug_rnglists
                0x00000e5f       0x1a build/debug/system_stm32f4xx.o
 .debug_rnglists
                0x00000e79       0x3a build/debug/tim.o
 .debug_rnglists
                0x00000eb3       0x1f build/debug/usart.o
 .debug_rnglists
                0x00000ed2       0x4f build/debug/utils.o
 .debug_rnglists
                0x00000f21       0x19 build/debug/startup_stm32f446xx.o
 .debug_rnglists
                0x00000f3a       0x99 c:/Users/Alessandro/AppData/Roaming/Code/User/globalStorage/bmd.stm32-for-vscode/@xpack-dev-tools/arm-none-eabi-gcc/14.2.1-1.1.1/.content/bin/../lib/gcc/arm-none-eabi/14.2.1/thumb/v7e-m+fp/hard\libgcc.a(_udivmoddi4.o)

.debug_line     0x00000000    0x1700c
 .debug_line    0x00000000      0x912 build/debug/L9963E.o
 .debug_line    0x00000912      0x72a build/debug/L9963E_drv.o
 .debug_line    0x0000103c      0xa55 build/debug/bms.o
 .debug_line    0x00001a91      0x5d3 build/debug/can.o
 .debug_line    0x00002064      0x57c build/debug/can_utils.o
 .debug_line    0x000025e0      0x321 build/debug/gpio.o
 .debug_line    0x00002901      0x6d3 build/debug/l9963e_utils.o
 .debug_line    0x00002fd4      0x4cc build/debug/main.o
 .debug_line    0x000034a0      0x2b2 build/debug/ntc.o
 .debug_line    0x00003752      0x4cc build/debug/spi.o
 .debug_line    0x00003c1e      0x56e build/debug/stm32_if.o
 .debug_line    0x0000418c      0x619 build/debug/stm32f4xx_hal.o
 .debug_line    0x000047a5     0x11fe build/debug/stm32f4xx_hal_can.o
 .debug_line    0x000059a3      0x8dc build/debug/stm32f4xx_hal_cortex.o
 .debug_line    0x0000627f      0x793 build/debug/stm32f4xx_hal_gpio.o
 .debug_line    0x00006a12      0x208 build/debug/stm32f4xx_hal_msp.o
 .debug_line    0x00006c1a      0x59a build/debug/stm32f4xx_hal_pwr_ex.o
 .debug_line    0x000071b4      0xc83 build/debug/stm32f4xx_hal_rcc.o
 .debug_line    0x00007e37     0x152b build/debug/stm32f4xx_hal_rcc_ex.o
 .debug_line    0x00009362     0x24d9 build/debug/stm32f4xx_hal_spi.o
 .debug_line    0x0000b83b     0x47d6 build/debug/stm32f4xx_hal_tim.o
 .debug_line    0x00010011     0x1af9 build/debug/stm32f4xx_hal_tim_ex.o
 .debug_line    0x00011b0a     0x355a build/debug/stm32f4xx_hal_uart.o
 .debug_line    0x00015064      0x38e build/debug/stm32f4xx_it.o
 .debug_line    0x000153f2      0x2ff build/debug/system_stm32f4xx.o
 .debug_line    0x000156f1      0x5fa build/debug/tim.o
 .debug_line    0x00015ceb      0x377 build/debug/usart.o
 .debug_line    0x00016062      0x411 build/debug/utils.o
 .debug_line    0x00016473       0x76 build/debug/startup_stm32f446xx.o
 .debug_line    0x000164e9      0x16f c:/Users/Alessandro/AppData/Roaming/Code/User/globalStorage/bmd.stm32-for-vscode/@xpack-dev-tools/arm-none-eabi-gcc/14.2.1-1.1.1/.content/bin/../lib/gcc/arm-none-eabi/14.2.1/thumb/v7e-m+fp/hard\libgcc.a(_arm_addsubdf3.o)
 .debug_line    0x00016658      0x184 c:/Users/Alessandro/AppData/Roaming/Code/User/globalStorage/bmd.stm32-for-vscode/@xpack-dev-tools/arm-none-eabi-gcc/14.2.1-1.1.1/.content/bin/../lib/gcc/arm-none-eabi/14.2.1/thumb/v7e-m+fp/hard\libgcc.a(_arm_muldivdf3.o)
 .debug_line    0x000167dc       0xa6 c:/Users/Alessandro/AppData/Roaming/Code/User/globalStorage/bmd.stm32-for-vscode/@xpack-dev-tools/arm-none-eabi-gcc/14.2.1-1.1.1/.content/bin/../lib/gcc/arm-none-eabi/14.2.1/thumb/v7e-m+fp/hard\libgcc.a(_arm_cmpdf2.o)
 .debug_line    0x00016882       0x57 c:/Users/Alessandro/AppData/Roaming/Code/User/globalStorage/bmd.stm32-for-vscode/@xpack-dev-tools/arm-none-eabi-gcc/14.2.1-1.1.1/.content/bin/../lib/gcc/arm-none-eabi/14.2.1/thumb/v7e-m+fp/hard\libgcc.a(_arm_unorddf2.o)
 .debug_line    0x000168d9       0x76 c:/Users/Alessandro/AppData/Roaming/Code/User/globalStorage/bmd.stm32-for-vscode/@xpack-dev-tools/arm-none-eabi-gcc/14.2.1-1.1.1/.content/bin/../lib/gcc/arm-none-eabi/14.2.1/thumb/v7e-m+fp/hard\libgcc.a(_arm_truncdfsf2.o)
 .debug_line    0x0001694f       0x4e c:/Users/Alessandro/AppData/Roaming/Code/User/globalStorage/bmd.stm32-for-vscode/@xpack-dev-tools/arm-none-eabi-gcc/14.2.1-1.1.1/.content/bin/../lib/gcc/arm-none-eabi/14.2.1/thumb/v7e-m+fp/hard\libgcc.a(_aeabi_uldivmod.o)
 .debug_line    0x0001699d      0x625 c:/Users/Alessandro/AppData/Roaming/Code/User/globalStorage/bmd.stm32-for-vscode/@xpack-dev-tools/arm-none-eabi-gcc/14.2.1-1.1.1/.content/bin/../lib/gcc/arm-none-eabi/14.2.1/thumb/v7e-m+fp/hard\libgcc.a(_udivmoddi4.o)
 .debug_line    0x00016fc2       0x4a c:/Users/Alessandro/AppData/Roaming/Code/User/globalStorage/bmd.stm32-for-vscode/@xpack-dev-tools/arm-none-eabi-gcc/14.2.1-1.1.1/.content/bin/../lib/gcc/arm-none-eabi/14.2.1/thumb/v7e-m+fp/hard\libgcc.a(_dvmd_tls.o)

.debug_str      0x00000000     0x97ce
 .debug_str     0x00000000     0x97ce build/debug/L9963E.o
                               0x3356 (size before relaxing)
 .debug_str     0x000097ce     0x3224 build/debug/L9963E_drv.o
 .debug_str     0x000097ce      0xffb build/debug/bms.o
 .debug_str     0x000097ce      0x816 build/debug/can.o
 .debug_str     0x000097ce      0x7b0 build/debug/can_utils.o
 .debug_str     0x000097ce      0x38c build/debug/gpio.o
 .debug_str     0x000097ce     0x350a build/debug/l9963e_utils.o
 .debug_str     0x000097ce      0xae1 build/debug/main.o
 .debug_str     0x000097ce      0x225 build/debug/ntc.o
 .debug_str     0x000097ce      0x82c build/debug/spi.o
 .debug_str     0x000097ce      0x88d build/debug/stm32_if.o
 .debug_str     0x000097ce      0xbb7 build/debug/stm32f4xx_hal.o
 .debug_str     0x000097ce      0xa22 build/debug/stm32f4xx_hal_can.o
 .debug_str     0x000097ce      0xca3 build/debug/stm32f4xx_hal_cortex.o
 .debug_str     0x000097ce      0x4f2 build/debug/stm32f4xx_hal_gpio.o
 .debug_str     0x000097ce      0x2cd build/debug/stm32f4xx_hal_msp.o
 .debug_str     0x000097ce      0x4dd build/debug/stm32f4xx_hal_pwr_ex.o
 .debug_str     0x000097ce      0x71d build/debug/stm32f4xx_hal_rcc.o
 .debug_str     0x000097ce      0x804 build/debug/stm32f4xx_hal_rcc_ex.o
 .debug_str     0x000097ce      0xbe1 build/debug/stm32f4xx_hal_spi.o
 .debug_str     0x000097ce     0x16ec build/debug/stm32f4xx_hal_tim.o
 .debug_str     0x000097ce      0xef8 build/debug/stm32f4xx_hal_tim_ex.o
 .debug_str     0x000097ce      0xd88 build/debug/stm32f4xx_hal_uart.o
 .debug_str     0x000097ce      0x7d5 build/debug/stm32f4xx_it.o
 .debug_str     0x000097ce      0x387 build/debug/system_stm32f4xx.o
 .debug_str     0x000097ce     0x1071 build/debug/tim.o
 .debug_str     0x000097ce      0x848 build/debug/usart.o
 .debug_str     0x000097ce      0x268 build/debug/utils.o
 .debug_str     0x000097ce       0x6b build/debug/startup_stm32f446xx.o
 .debug_str     0x000097ce      0x1eb c:/Users/Alessandro/AppData/Roaming/Code/User/globalStorage/bmd.stm32-for-vscode/@xpack-dev-tools/arm-none-eabi-gcc/14.2.1-1.1.1/.content/bin/../lib/gcc/arm-none-eabi/14.2.1/thumb/v7e-m+fp/hard\libgcc.a(_arm_addsubdf3.o)
 .debug_str     0x000097ce      0x16b c:/Users/Alessandro/AppData/Roaming/Code/User/globalStorage/bmd.stm32-for-vscode/@xpack-dev-tools/arm-none-eabi-gcc/14.2.1-1.1.1/.content/bin/../lib/gcc/arm-none-eabi/14.2.1/thumb/v7e-m+fp/hard\libgcc.a(_arm_muldivdf3.o)
 .debug_str     0x000097ce      0x1f4 c:/Users/Alessandro/AppData/Roaming/Code/User/globalStorage/bmd.stm32-for-vscode/@xpack-dev-tools/arm-none-eabi-gcc/14.2.1-1.1.1/.content/bin/../lib/gcc/arm-none-eabi/14.2.1/thumb/v7e-m+fp/hard\libgcc.a(_arm_cmpdf2.o)
 .debug_str     0x000097ce      0x159 c:/Users/Alessandro/AppData/Roaming/Code/User/globalStorage/bmd.stm32-for-vscode/@xpack-dev-tools/arm-none-eabi-gcc/14.2.1-1.1.1/.content/bin/../lib/gcc/arm-none-eabi/14.2.1/thumb/v7e-m+fp/hard\libgcc.a(_arm_unorddf2.o)
 .debug_str     0x000097ce      0x158 c:/Users/Alessandro/AppData/Roaming/Code/User/globalStorage/bmd.stm32-for-vscode/@xpack-dev-tools/arm-none-eabi-gcc/14.2.1-1.1.1/.content/bin/../lib/gcc/arm-none-eabi/14.2.1/thumb/v7e-m+fp/hard\libgcc.a(_arm_truncdfsf2.o)
 .debug_str     0x000097ce      0x13a c:/Users/Alessandro/AppData/Roaming/Code/User/globalStorage/bmd.stm32-for-vscode/@xpack-dev-tools/arm-none-eabi-gcc/14.2.1-1.1.1/.content/bin/../lib/gcc/arm-none-eabi/14.2.1/thumb/v7e-m+fp/hard\libgcc.a(_aeabi_uldivmod.o)
 .debug_str     0x000097ce      0x753 c:/Users/Alessandro/AppData/Roaming/Code/User/globalStorage/bmd.stm32-for-vscode/@xpack-dev-tools/arm-none-eabi-gcc/14.2.1-1.1.1/.content/bin/../lib/gcc/arm-none-eabi/14.2.1/thumb/v7e-m+fp/hard\libgcc.a(_udivmoddi4.o)
 .debug_str     0x000097ce      0x15a c:/Users/Alessandro/AppData/Roaming/Code/User/globalStorage/bmd.stm32-for-vscode/@xpack-dev-tools/arm-none-eabi-gcc/14.2.1-1.1.1/.content/bin/../lib/gcc/arm-none-eabi/14.2.1/thumb/v7e-m+fp/hard\libgcc.a(_dvmd_tls.o)

.debug_frame    0x00000000     0x3584
 .debug_frame   0x00000000      0x1ac build/debug/L9963E.o
 .debug_frame   0x000001ac      0x1d8 build/debug/L9963E_drv.o
 .debug_frame   0x00000384      0x170 build/debug/bms.o
 .debug_frame   0x000004f4       0xdc build/debug/can.o
 .debug_frame   0x000005d0       0x8c build/debug/can_utils.o
 .debug_frame   0x0000065c       0x3c build/debug/gpio.o
 .debug_frame   0x00000698       0xf8 build/debug/l9963e_utils.o
 .debug_frame   0x00000790       0x5c build/debug/main.o
 .debug_frame   0x000007ec       0x2c build/debug/ntc.o
 .debug_frame   0x00000818       0x84 build/debug/spi.o
 .debug_frame   0x0000089c      0x100 build/debug/stm32_if.o
 .debug_frame   0x0000099c      0x1ec build/debug/stm32f4xx_hal.o
 .debug_frame   0x00000b88      0x2d8 build/debug/stm32f4xx_hal_can.o
 .debug_frame   0x00000e60      0x214 build/debug/stm32f4xx_hal_cortex.o
 .debug_frame   0x00001074       0xd8 build/debug/stm32f4xx_hal_gpio.o
 .debug_frame   0x0000114c       0x28 build/debug/stm32f4xx_hal_msp.o
 .debug_frame   0x00001174       0xec build/debug/stm32f4xx_hal_pwr_ex.o
 .debug_frame   0x00001260      0x16c build/debug/stm32f4xx_hal_rcc.o
 .debug_frame   0x000013cc      0x14c build/debug/stm32f4xx_hal_rcc_ex.o
 .debug_frame   0x00001518      0x5c0 build/debug/stm32f4xx_hal_spi.o
 .debug_frame   0x00001ad8      0xb10 build/debug/stm32f4xx_hal_tim.o
 .debug_frame   0x000025e8      0x418 build/debug/stm32f4xx_hal_tim_ex.o
 .debug_frame   0x00002a00      0x5dc build/debug/stm32f4xx_hal_uart.o
 .debug_frame   0x00002fdc      0x108 build/debug/stm32f4xx_it.o
 .debug_frame   0x000030e4       0x30 build/debug/system_stm32f4xx.o
 .debug_frame   0x00003114       0xe0 build/debug/tim.o
 .debug_frame   0x000031f4       0x60 build/debug/usart.o
 .debug_frame   0x00003254       0xcc build/debug/utils.o